Component: ARM Compiler 5.06 update 7 (build 960) Tool: armlink [4d3601]

==============================================================================

Section Cross References

    startup_stm32f103xb.o(STACK) refers (Special) to heapauxi.o(.text) for __use_two_region_memory
    startup_stm32f103xb.o(HEAP) refers (Special) to heapauxi.o(.text) for __use_two_region_memory
    startup_stm32f103xb.o(RESET) refers (Special) to heapauxi.o(.text) for __use_two_region_memory
    startup_stm32f103xb.o(RESET) refers to startup_stm32f103xb.o(STACK) for __initial_sp
    startup_stm32f103xb.o(RESET) refers to startup_stm32f103xb.o(.text) for Reset_Handler
    startup_stm32f103xb.o(RESET) refers to stm32f1xx_it.o(i.NMI_Handler) for NMI_Handler
    startup_stm32f103xb.o(RESET) refers to stm32f1xx_it.o(i.HardFault_Handler) for HardFault_Handler
    startup_stm32f103xb.o(RESET) refers to stm32f1xx_it.o(i.MemManage_Handler) for MemManage_Handler
    startup_stm32f103xb.o(RESET) refers to stm32f1xx_it.o(i.BusFault_Handler) for BusFault_Handler
    startup_stm32f103xb.o(RESET) refers to stm32f1xx_it.o(i.UsageFault_Handler) for UsageFault_Handler
    startup_stm32f103xb.o(RESET) refers to stm32f1xx_it.o(i.SVC_Handler) for SVC_Handler
    startup_stm32f103xb.o(RESET) refers to stm32f1xx_it.o(i.DebugMon_Handler) for DebugMon_Handler
    startup_stm32f103xb.o(RESET) refers to stm32f1xx_it.o(i.PendSV_Handler) for PendSV_Handler
    startup_stm32f103xb.o(RESET) refers to stm32f1xx_it.o(i.SysTick_Handler) for SysTick_Handler
    startup_stm32f103xb.o(RESET) refers to stm32f1xx_it.o(i.DMA1_Channel1_IRQHandler) for DMA1_Channel1_IRQHandler
    startup_stm32f103xb.o(RESET) refers to stm32f1xx_it.o(i.USART1_IRQHandler) for USART1_IRQHandler
    startup_stm32f103xb.o(RESET) refers to stm32f1xx_it.o(i.USART2_IRQHandler) for USART2_IRQHandler
    startup_stm32f103xb.o(.text) refers (Special) to heapauxi.o(.text) for __use_two_region_memory
    startup_stm32f103xb.o(.text) refers to system_stm32f1xx.o(i.SystemInit) for SystemInit
    startup_stm32f103xb.o(.text) refers to __main.o(!!!main) for __main
    startup_stm32f103xb.o(.text) refers to startup_stm32f103xb.o(HEAP) for Heap_Mem
    startup_stm32f103xb.o(.text) refers to startup_stm32f103xb.o(STACK) for Stack_Mem
    main.o(i.SystemClock_Config) refers to rt_memclr_w.o(.text) for __aeabi_memclr4
    main.o(i.SystemClock_Config) refers to stm32f1xx_hal_rcc.o(i.HAL_RCC_OscConfig) for HAL_RCC_OscConfig
    main.o(i.SystemClock_Config) refers to stm32f1xx_hal_rcc.o(i.HAL_RCC_ClockConfig) for HAL_RCC_ClockConfig
    main.o(i.SystemClock_Config) refers to stm32f1xx_hal_rcc_ex.o(i.HAL_RCCEx_PeriphCLKConfig) for HAL_RCCEx_PeriphCLKConfig
    main.o(i.main) refers to stm32f1xx_hal.o(i.HAL_Init) for HAL_Init
    main.o(i.main) refers to main.o(i.SystemClock_Config) for SystemClock_Config
    main.o(i.main) refers to gpio.o(i.MX_GPIO_Init) for MX_GPIO_Init
    main.o(i.main) refers to dma.o(i.MX_DMA_Init) for MX_DMA_Init
    main.o(i.main) refers to adc.o(i.MX_ADC1_Init) for MX_ADC1_Init
    main.o(i.main) refers to usart.o(i.MX_USART1_UART_Init) for MX_USART1_UART_Init
    main.o(i.main) refers to usart.o(i.MX_USART2_UART_Init) for MX_USART2_UART_Init
    main.o(i.main) refers to dht11.o(i.DHT11_Init) for DHT11_Init
    main.o(i.main) refers to my_u8g2_config.o(i.u8g2Init) for u8g2Init
    main.o(i.main) refers to stm32f1xx_hal_uart.o(i.HAL_UART_Transmit) for HAL_UART_Transmit
    main.o(i.main) refers to dht11.o(i.DHT11_Read_Data) for DHT11_Read_Data
    main.o(i.main) refers to u8g2_buffer.o(i.u8g2_FirstPage) for u8g2_FirstPage
    main.o(i.main) refers to my_u8g2_config.o(i.u8g2_test_1) for u8g2_test_1
    main.o(i.main) refers to u8g2_buffer.o(i.u8g2_NextPage) for u8g2_NextPage
    main.o(i.main) refers to stm32f1xx_hal.o(i.HAL_Delay) for HAL_Delay
    main.o(i.main) refers to usart.o(.bss) for huart1
    main.o(i.main) refers to main.o(.data) for .data
    gpio.o(i.MX_GPIO_Init) refers to stm32f1xx_hal_gpio.o(i.HAL_GPIO_WritePin) for HAL_GPIO_WritePin
    gpio.o(i.MX_GPIO_Init) refers to stm32f1xx_hal_gpio.o(i.HAL_GPIO_Init) for HAL_GPIO_Init
    adc.o(i.HAL_ADC_MspDeInit) refers to stm32f1xx_hal_gpio.o(i.HAL_GPIO_DeInit) for HAL_GPIO_DeInit
    adc.o(i.HAL_ADC_MspDeInit) refers to stm32f1xx_hal_dma.o(i.HAL_DMA_DeInit) for HAL_DMA_DeInit
    adc.o(i.HAL_ADC_MspInit) refers to stm32f1xx_hal_gpio.o(i.HAL_GPIO_Init) for HAL_GPIO_Init
    adc.o(i.HAL_ADC_MspInit) refers to stm32f1xx_hal_dma.o(i.HAL_DMA_Init) for HAL_DMA_Init
    adc.o(i.HAL_ADC_MspInit) refers to main.o(i.Error_Handler) for Error_Handler
    adc.o(i.HAL_ADC_MspInit) refers to adc.o(.bss) for .bss
    adc.o(i.MX_ADC1_Init) refers to stm32f1xx_hal_adc.o(i.HAL_ADC_Init) for HAL_ADC_Init
    adc.o(i.MX_ADC1_Init) refers to main.o(i.Error_Handler) for Error_Handler
    adc.o(i.MX_ADC1_Init) refers to stm32f1xx_hal_adc.o(i.HAL_ADC_ConfigChannel) for HAL_ADC_ConfigChannel
    adc.o(i.MX_ADC1_Init) refers to adc.o(.bss) for .bss
[...]
    .ARM.Collect$$libinit$$00000023          0x0800016c   Section        0  libinit2.o(.ARM.Collect$$libinit$$00000023)
    .ARM.Collect$$libinit$$00000025          0x0800016c   Section        0  libinit2.o(.ARM.Collect$$libinit$$00000025)
    .ARM.Collect$$libinit$$0000002C          0x0800016c   Section        0  libinit2.o(.ARM.Collect$$libinit$$0000002C)
    .ARM.Collect$$libinit$$0000002E          0x0800016c   Section        0  libinit2.o(.ARM.Collect$$libinit$$0000002E)
    .ARM.Collect$$libinit$$00000030          0x0800016c   Section        0  libinit2.o(.ARM.Collect$$libinit$$00000030)
    .ARM.Collect$$libinit$$00000032          0x0800016c   Section        0  libinit2.o(.ARM.Collect$$libinit$$00000032)
    .ARM.Collect$$libinit$$00000033          0x0800016c   Section        2  libinit2.o(.ARM.Collect$$libinit$$00000033)
    .ARM.Collect$$libshutdown$$00000000      0x0800016e   Section        2  libshutdown.o(.ARM.Collect$$libshutdown$$00000000)
    .ARM.Collect$$libshutdown$$00000002      0x08000170   Section        0  libshutdown2.o(.ARM.Collect$$libshutdown$$00000002)
    .ARM.Collect$$libshutdown$$00000004      0x08000170   Section        0  libshutdown2.o(.ARM.Collect$$libshutdown$$00000004)
    .ARM.Collect$$libshutdown$$00000006      0x08000170   Section        0  libshutdown2.o(.ARM.Collect$$libshutdown$$00000006)
    .ARM.Collect$$libshutdown$$00000009      0x08000170   Section        0  libshutdown2.o(.ARM.Collect$$libshutdown$$00000009)
    .ARM.Collect$$libshutdown$$0000000C      0x08000170   Section        0  libshutdown2.o(.ARM.Collect$$libshutdown$$0000000C)
    .ARM.Collect$$libshutdown$$0000000E      0x08000170   Section        0  libshutdown2.o(.ARM.Collect$$libshutdown$$0000000E)
    .ARM.Collect$$libshutdown$$00000011      0x08000170   Section        0  libshutdown2.o(.ARM.Collect$$libshutdown$$00000011)
    .ARM.Collect$$libshutdown$$00000012      0x08000170   Section        2  libshutdown2.o(.ARM.Collect$$libshutdown$$00000012)
    .ARM.Collect$$rtentry$$00000000          0x08000172   Section        0  __rtentry.o(.ARM.Collect$$rtentry$$00000000)
    .ARM.Collect$$rtentry$$00000002          0x08000172   Section        0  __rtentry2.o(.ARM.Collect$$rtentry$$00000002)
    .ARM.Collect$$rtentry$$00000004          0x08000172   Section        6  __rtentry4.o(.ARM.Collect$$rtentry$$00000004)
    .ARM.Collect$$rtentry$$00000009          0x08000178   Section        0  __rtentry2.o(.ARM.Collect$$rtentry$$00000009)
    .ARM.Collect$$rtentry$$0000000A          0x08000178   Section        4  __rtentry2.o(.ARM.Collect$$rtentry$$0000000A)
    .ARM.Collect$$rtentry$$0000000C          0x0800017c   Section        0  __rtentry2.o(.ARM.Collect$$rtentry$$0000000C)
    .ARM.Collect$$rtentry$$0000000D          0x0800017c   Section        8  __rtentry2.o(.ARM.Collect$$rtentry$$0000000D)
    .ARM.Collect$$rtexit$$00000000           0x08000184   Section        2  rtexit.o(.ARM.Collect$$rtexit$$00000000)
    .ARM.Collect$$rtexit$$00000002           0x08000186   Section        0  rtexit2.o(.ARM.Collect$$rtexit$$00000002)
    .ARM.Collect$$rtexit$$00000003           0x08000186   Section        4  rtexit2.o(.ARM.Collect$$rtexit$$00000003)
    .ARM.Collect$$rtexit$$00000004           0x0800018a   Section        6  rtexit2.o(.ARM.Collect$$rtexit$$00000004)
    .text                                    0x08000190   Section       64  startup_stm32f103xb.o(.text)
    .text                                    0x080001d0   Section        0  noretval__2sprintf.o(.text)
    .text                                    0x080001f8   Section        0  __printf.o(.text)
    .text                                    0x08000260   Section        0  _printf_dec.o(.text)
    .text                                    0x080002d8   Section       68  rt_memclr.o(.text)
    .text                                    0x0800031c   Section       78  rt_memclr_w.o(.text)
    .text                                    0x0800036a   Section        0  heapauxi.o(.text)
    .text                                    0x08000370   Section        0  _printf_intcommon.o(.text)
    .text                                    0x08000424   Section        0  _printf_char_common.o(.text)
    _printf_input_char                       0x08000425   Thumb Code    10  _printf_char_common.o(.text)
    .text                                    0x08000454   Section        0  _sputc.o(.text)
    .text                                    0x0800045e   Section       74  sys_stackheap_outer.o(.text)
    .text                                    0x080004a8   Section        0  exit.o(.text)
    .text                                    0x080004bc   Section        8  libspace.o(.text)
    .text                                    0x080004c4   Section        0  sys_exit.o(.text)
    .text                                    0x080004d0   Section        2  use_no_semi.o(.text)
    .text                                    0x080004d2   Section        0  indicate_semi.o(.text)
    i.ADC_ConversionStop_Disable             0x080004d4   Section        0  stm32f1xx_hal_adc.o(i.ADC_ConversionStop_Disable)
    i.BusFault_Handler                       0x0800052a   Section        0  stm32f1xx_it.o(i.BusFault_Handler)
    i.DHT11_Check                            0x0800052c   Section        0  dht11.o(i.DHT11_Check)
    i.DHT11_IO_IN                            0x08000584   Section        0  dht11.o(i.DHT11_IO_IN)
    i.DHT11_IO_OUT                           0x080005bc   Section        0  dht11.o(i.DHT11_IO_OUT)
    i.DHT11_Init                             0x0800060c   Section        0  dht11.o(i.DHT11_Init)
    i.DHT11_Read_Bit                         0x08000664   Section        0  dht11.o(i.DHT11_Read_Bit)
    i.DHT11_Read_Byte                        0x080006bc   Section        0  dht11.o(i.DHT11_Read_Byte)
    i.DHT11_Read_Data                        0x080006d6   Section        0  dht11.o(i.DHT11_Read_Data)
    i.DHT11_Rst                              0x08000734   Section        0  dht11.o(i.DHT11_Rst)
    i.DMA1_Channel1_IRQHandler               0x08000764   Section        0  stm32f1xx_it.o(i.DMA1_Channel1_IRQHandler)
    i.DebugMon_Handler                       0x08000770   Section        0  stm32f1xx_it.o(i.DebugMon_Handler)
    i.Error_Handler                          0x08000772   Section        0  main.o(i.Error_Handler)
    i.HAL_ADC_ConfigChannel                  0x08000778   Section        0  stm32f1xx_hal_adc.o(i.HAL_ADC_ConfigChannel)
    i.HAL_ADC_Init                           0x08000874   Section        0  stm32f1xx_hal_adc.o(i.HAL_ADC_Init)
    i.HAL_ADC_MspInit                        0x08000990   Section        0  adc.o(i.HAL_ADC_MspInit)
    i.HAL_DMA_Abort                          0x08000a1c   Section        0  stm32f1xx_hal_dma.o(i.HAL_DMA_Abort)
    i.HAL_DMA_Abort_IT                       0x08000a64   Section        0  stm32f1xx_hal_dma.o(i.HAL_DMA_Abort_IT)
    i.HAL_DMA_IRQHandler                     0x08000afc   Section        0  stm32f1xx_hal_dma.o(i.HAL_DMA_IRQHandler)
    i.HAL_DMA_Init                           0x08000c50   Section        0  stm32f1xx_hal_dma.o(i.HAL_DMA_Init)
    i.HAL_Delay                              0x08000cac   Section        0  stm32f1xx_hal.o(i.HAL_Delay)
    i.HAL_GPIO_Init                          0x08000cd0   Section        0  stm32f1xx_hal_gpio.o(i.HAL_GPIO_Init)
    i.HAL_GPIO_ReadPin                       0x08000eb0   Section        0  stm32f1xx_hal_gpio.o(i.HAL_GPIO_ReadPin)
    i.HAL_GPIO_WritePin                      0x08000eba   Section        0  stm32f1xx_hal_gpio.o(i.HAL_GPIO_WritePin)
    i.HAL_GetTick                            0x08000ec4   Section        0  stm32f1xx_hal.o(i.HAL_GetTick)
    i.HAL_IncTick                            0x08000ed0   Section        0  stm32f1xx_hal.o(i.HAL_IncTick)
    i.HAL_Init                               0x08000ee0   Section        0  stm32f1xx_hal.o(i.HAL_Init)
    i.HAL_InitTick                           0x08000f04   Section        0  stm32f1xx_hal.o(i.HAL_InitTick)
    i.HAL_MspInit                            0x08000f44   Section        0  stm32f1xx_hal_msp.o(i.HAL_MspInit)
    i.HAL_NVIC_EnableIRQ                     0x08000f80   Section        0  stm32f1xx_hal_cortex.o(i.HAL_NVIC_EnableIRQ)
    i.HAL_NVIC_SetPriority                   0x08000f9c   Section        0  stm32f1xx_hal_cortex.o(i.HAL_NVIC_SetPriority)
    i.HAL_NVIC_SetPriorityGrouping           0x08000fdc   Section        0  stm32f1xx_hal_cortex.o(i.HAL_NVIC_SetPriorityGrouping)
    i.HAL_RCCEx_PeriphCLKConfig              0x08001000   Section        0  stm32f1xx_hal_rcc_ex.o(i.HAL_RCCEx_PeriphCLKConfig)
    i.HAL_RCC_ClockConfig                    0x080010ec   Section        0  stm32f1xx_hal_rcc.o(i.HAL_RCC_ClockConfig)
    i.HAL_RCC_GetPCLK1Freq                   0x08001218   Section        0  stm32f1xx_hal_rcc.o(i.HAL_RCC_GetPCLK1Freq)
    i.HAL_RCC_GetPCLK2Freq                   0x08001238   Section        0  stm32f1xx_hal_rcc.o(i.HAL_RCC_GetPCLK2Freq)
    i.HAL_RCC_GetSysClockFreq                0x08001258   Section        0  stm32f1xx_hal_rcc.o(i.HAL_RCC_GetSysClockFreq)
    i.HAL_RCC_OscConfig                      0x080012a4   Section        0  stm32f1xx_hal_rcc.o(i.HAL_RCC_OscConfig)
    i.HAL_SYSTICK_Config                     0x080015c4   Section        0  stm32f1xx_hal_cortex.o(i.HAL_SYSTICK_Config)
    i.HAL_UARTEx_RxEventCallback             0x080015ec   Section        0  stm32f1xx_hal_uart.o(i.HAL_UARTEx_RxEventCallback)
    i.HAL_UART_ErrorCallback                 0x080015ee   Section        0  stm32f1xx_hal_uart.o(i.HAL_UART_ErrorCallback)
    i.HAL_UART_IRQHandler                    0x080015f0   Section        0  stm32f1xx_hal_uart.o(i.HAL_UART_IRQHandler)
    i.HAL_UART_Init                          0x0800185c   Section        0  stm32f1xx_hal_uart.o(i.HAL_UART_Init)
    i.HAL_UART_MspInit                       0x080018c0   Section        0  usart.o(i.HAL_UART_MspInit)
    i.HAL_UART_RxCpltCallback                0x08001998   Section        0  stm32f1xx_hal_uart.o(i.HAL_UART_RxCpltCallback)
    i.HAL_UART_Transmit                      0x0800199a   Section        0  stm32f1xx_hal_uart.o(i.HAL_UART_Transmit)
    i.HAL_UART_TxCpltCallback                0x08001a34   Section        0  stm32f1xx_hal_uart.o(i.HAL_UART_TxCpltCallback)
    i.HardFault_Handler                      0x08001a36   Section        0  stm32f1xx_it.o(i.HardFault_Handler)
    i.MX_ADC1_Init                           0x08001a38   Section        0  adc.o(i.MX_ADC1_Init)
    i.MX_DMA_Init                            0x08001a9c   Section        0  dma.o(i.MX_DMA_Init)
    i.MX_GPIO_Init                           0x08001ac8   Section        0  gpio.o(i.MX_GPIO_Init)
    i.MX_USART1_UART_Init                    0x08001b84   Section        0  usart.o(i.MX_USART1_UART_Init)
    i.MX_USART2_UART_Init                    0x08001bbc   Section        0  usart.o(i.MX_USART2_UART_Init)
    i.MemManage_Handler                      0x08001bf4   Section        0  stm32f1xx_it.o(i.MemManage_Handler)
    i.NMI_Handler                            0x08001bf6   Section        0  stm32f1xx_it.o(i.NMI_Handler)
    i.PendSV_Handler                         0x08001bf8   Section        0  stm32f1xx_it.o(i.PendSV_Handler)
    i.SVC_Handler                            0x08001bfa   Section        0  stm32f1xx_it.o(i.SVC_Handler)
    i.SysTick_Handler                        0x08001bfc   Section        0  stm32f1xx_it.o(i.SysTick_Handler)
    i.SystemClock_Config                     0x08001c00   Section        0  main.o(i.SystemClock_Config)
    i.SystemInit                             0x08001c78   Section        0  system_stm32f1xx.o(i.SystemInit)
    i.UART_DMAAbortOnError                   0x08001c7a   Section        0  stm32f1xx_hal_uart.o(i.UART_DMAAbortOnError)
    UART_DMAAbortOnError                     0x08001c7b   Thumb Code    16  stm32f1xx_hal_uart.o(i.UART_DMAAbortOnError)
    i.UART_EndRxTransfer                     0x08001c8a   Section        0  stm32f1xx_hal_uart.o(i.UART_EndRxTransfer)
    UART_EndRxTransfer                       0x08001c8b   Thumb Code    78  stm32f1xx_hal_uart.o(i.UART_EndRxTransfer)
    i.UART_Receive_IT                        0x08001cd8   Section        0  stm32f1xx_hal_uart.o(i.UART_Receive_IT)
    UART_Receive_IT                          0x08001cd9   Thumb Code   194  stm32f1xx_hal_uart.o(i.UART_Receive_IT)
    i.UART_SetConfig                         0x08001d9c   Section        0  stm32f1xx_hal_uart.o(i.UART_SetConfig)
    UART_SetConfig                           0x08001d9d   Thumb Code   178  stm32f1xx_hal_uart.o(i.UART_SetConfig)
    i.UART_WaitOnFlagUntilTimeout            0x08001e54   Section        0  stm32f1xx_hal_uart.o(i.UART_WaitOnFlagUntilTimeout)
    UART_WaitOnFlagUntilTimeout              0x08001e55   Thumb Code   120  stm32f1xx_hal_uart.o(i.UART_WaitOnFlagUntilTimeout)
    i.USART1_IRQHandler                      0x08001ecc   Section        0  stm32f1xx_it.o(i.USART1_IRQHandler)
    i.USART2_IRQHandler                      0x08001ed8   Section        0  stm32f1xx_it.o(i.USART2_IRQHandler)
    i.UsageFault_Handler                     0x08001ee4   Section        0  stm32f1xx_it.o(i.UsageFault_Handler)
    i.__NVIC_SetPriority                     0x08001ee6   Section        0  stm32f1xx_hal_cortex.o(i.__NVIC_SetPriority)
    __NVIC_SetPriority                       0x08001ee7   Thumb Code    32  stm32f1xx_hal_cortex.o(i.__NVIC_SetPriority)
    i.delay_ms                               0x08001f06   Section        0  dht11.o(i.delay_ms)
    i.delay_us                               0x08001f20   Section        0  dht11.o(i.delay_us)
    i.i2c_clear_scl                          0x08001f70   Section        0  u8x8_byte.o(i.i2c_clear_scl)
    i2c_clear_scl                            0x08001f71   Thumb Code     8  u8x8_byte.o(i.i2c_clear_scl)
    i.i2c_clear_sda                          0x08001f78   Section        0  u8x8_byte.o(i.i2c_clear_sda)
    i2c_clear_sda                            0x08001f79   Thumb Code     8  u8x8_byte.o(i.i2c_clear_sda)
    i.i2c_delay                              0x08001f80   Section        0  u8x8_byte.o(i.i2c_delay)
    i2c_delay                                0x08001f81   Thumb Code    10  u8x8_byte.o(i.i2c_delay)
    i.i2c_read_scl_and_delay                 0x08001f8a   Section        0  u8x8_byte.o(i.i2c_read_scl_and_delay)
    i2c_read_scl_and_delay                   0x08001f8b   Thumb Code    22  u8x8_byte.o(i.i2c_read_scl_and_delay)
    i.i2c_read_sda                           0x08001fa0   Section        0  u8x8_byte.o(i.i2c_read_sda)
    i2c_read_sda                             0x08001fa1   Thumb Code     8  u8x8_byte.o(i.i2c_read_sda)
    i.i2c_write_bit                          0x08001fa8   Section        0  u8x8_byte.o(i.i2c_write_bit)
    i2c_write_bit                            0x08001fa9   Thumb Code    38  u8x8_byte.o(i.i2c_write_bit)
    i.i2c_write_byte                         0x08001fce   Section        0  u8x8_byte.o(i.i2c_write_byte)
    i2c_write_byte                           0x08001fcf   Thumb Code   124  u8x8_byte.o(i.i2c_write_byte)
    i.main                                   0x0800204c   Section        0  main.o(i.main)
    i.u8g2Init                               0x080020c0   Section        0  my_u8g2_config.o(i.u8g2Init)
    i.u8g2_ClearBuffer                       0x080020f4   Section        0  u8g2_buffer.o(i.u8g2_ClearBuffer)
    i.u8g2_DrawGlyph                         0x08002106   Section        0  u8g2_font.o(i.u8g2_DrawGlyph)
    i.u8g2_DrawHVLine                        0x08002178   Section        0  u8g2_hvline.o(i.u8g2_DrawHVLine)
    i.u8g2_DrawStr                           0x08002224   Section        0  u8g2_font.o(i.u8g2_DrawStr)
    i.u8g2_FirstPage                         0x08002234   Section        0  u8g2_buffer.o(i.u8g2_FirstPage)
    i.u8g2_IsIntersection                    0x08002250   Section        0  u8g2_intersection.o(i.u8g2_IsIntersection)
    i.u8g2_NextPage                          0x08002280   Section        0  u8g2_buffer.o(i.u8g2_NextPage)
    i.u8g2_SetBufferCurrTileRow              0x080022be   Section        0  u8g2_buffer.o(i.u8g2_SetBufferCurrTileRow)
    i.u8g2_SetFont                           0x080022da   Section        0  u8g2_font.o(i.u8g2_SetFont)
    i.u8g2_SetFontPosBaseline                0x080022fc   Section        0  u8g2_font.o(i.u8g2_SetFontPosBaseline)
    i.u8g2_SetMaxClipWindow                  0x08002308   Section        0  u8g2_setup.o(i.u8g2_SetMaxClipWindow)
    i.u8g2_SetupBuffer                       0x08002324   Section        0  u8g2_setup.o(i.u8g2_SetupBuffer)
    i.u8g2_Setup_ssd1306_i2c_128x64_noname_f 0x0800236c   Section        0  u8g2_d_setup.o(i.u8g2_Setup_ssd1306_i2c_128x64_noname_f)
    i.u8g2_UpdateRefHeight                   0x080023a4   Section        0  u8g2_font.o(i.u8g2_UpdateRefHeight)
    i.u8g2_add_vector_x                      0x080023f6   Section        0  u8g2_font.o(i.u8g2_add_vector_x)
    i.u8g2_add_vector_y                      0x08002412   Section        0  u8g2_font.o(i.u8g2_add_vector_y)
    i.u8g2_apply_clip_window                 0x0800242e   Section        0  u8g2_setup.o(i.u8g2_apply_clip_window)
    u8g2_apply_clip_window                   0x0800242f   Thumb Code   110  u8g2_setup.o(i.u8g2_apply_clip_window)
    i.u8g2_clip_intersection2                0x0800249c   Section        0  u8g2_hvline.o(i.u8g2_clip_intersection2)
    u8g2_clip_intersection2                  0x0800249d   Thumb Code    60  u8g2_hvline.o(i.u8g2_clip_intersection2)
    i.u8g2_draw_hv_line_2dir                 0x080024d8   Section        0  u8g2_hvline.o(i.u8g2_draw_hv_line_2dir)
    i.u8g2_draw_l90_r0                       0x080024ea   Section        0  u8g2_setup.o(i.u8g2_draw_l90_r0)
    i.u8g2_draw_string                       0x080024f6   Section        0  u8g2_font.o(i.u8g2_draw_string)
    u8g2_draw_string                         0x080024f7   Thumb Code   118  u8g2_font.o(i.u8g2_draw_string)
    i.u8g2_font_calc_vref_font               0x0800256c   Section        0  u8g2_font.o(i.u8g2_font_calc_vref_font)
    i.u8g2_font_decode_get_signed_bits       0x08002570   Section        0  u8g2_font.o(i.u8g2_font_decode_get_signed_bits)
    i.u8g2_font_decode_get_unsigned_bits     0x08002584   Section        0  u8g2_font.o(i.u8g2_font_decode_get_unsigned_bits)
    i.u8g2_font_decode_glyph                 0x080025b8   Section        0  u8g2_font.o(i.u8g2_font_decode_glyph)
    i.u8g2_font_decode_len                   0x080026cc   Section        0  u8g2_font.o(i.u8g2_font_decode_len)
    i.u8g2_font_get_glyph_data               0x08002758   Section        0  u8g2_font.o(i.u8g2_font_get_glyph_data)
    i.u8g2_font_get_word                     0x080027ca   Section        0  u8g2_font.o(i.u8g2_font_get_word)
    u8g2_font_get_word                       0x080027cb   Thumb Code    20  u8g2_font.o(i.u8g2_font_get_word)
    i.u8g2_font_setup_decode                 0x080027de   Section        0  u8g2_font.o(i.u8g2_font_setup_decode)
    u8g2_font_setup_decode                   0x080027df   Thumb Code    52  u8g2_font.o(i.u8g2_font_setup_decode)
    i.u8g2_is_intersection_decision_tree     0x08002812   Section        0  u8g2_intersection.o(i.u8g2_is_intersection_decision_tree)
    i.u8g2_ll_hvline_vertical_top_lsb        0x0800282c   Section        0  u8g2_ll_hvline.o(i.u8g2_ll_hvline_vertical_top_lsb)
    i.u8g2_m_16_8_f                          0x080028bc   Section        0  u8g2_d_memory.o(i.u8g2_m_16_8_f)
    i.u8g2_read_font_info                    0x080028c8   Section        0  u8g2_font.o(i.u8g2_read_font_info)
    i.u8g2_send_buffer                       0x08002932   Section        0  u8g2_buffer.o(i.u8g2_send_buffer)
    u8g2_send_buffer                         0x08002933   Thumb Code    78  u8g2_buffer.o(i.u8g2_send_buffer)
    i.u8g2_test_1                            0x08002980   Section        0  my_u8g2_config.o(i.u8g2_test_1)
    i.u8g2_update_dimension_common           0x080029cc   Section        0  u8g2_setup.o(i.u8g2_update_dimension_common)
    u8g2_update_dimension_common             0x080029cd   Thumb Code    70  u8g2_setup.o(i.u8g2_update_dimension_common)
    i.u8g2_update_dimension_r0               0x08002a12   Section        0  u8g2_setup.o(i.u8g2_update_dimension_r0)
    i.u8g2_update_page_win_r0                0x08002a16   Section        0  u8g2_setup.o(i.u8g2_update_page_win_r0)
    i.u8x8_DrawTile                          0x08002a38   Section        0  u8x8_display.o(i.u8x8_DrawTile)
    i.u8x8_InitDisplay                       0x08002a56   Section        0  u8x8_display.o(i.u8x8_InitDisplay)
    i.u8x8_RefreshDisplay                    0x08002a66   Section        0  u8x8_display.o(i.u8x8_RefreshDisplay)
    i.u8x8_SetPowerSave                      0x08002a76   Section        0  u8x8_display.o(i.u8x8_SetPowerSave)
    i.u8x8_Setup                             0x08002a86   Section        0  u8x8_setup.o(i.u8x8_Setup)
    i.u8x8_SetupDefaults                     0x08002aa8   Section        0  u8x8_setup.o(i.u8x8_SetupDefaults)
    i.u8x8_SetupMemory                       0x08002acc   Section        0  u8x8_display.o(i.u8x8_SetupMemory)
    i.u8x8_ascii_next                        0x08002adc   Section        0  u8x8_8x8.o(i.u8x8_ascii_next)
    i.u8x8_byte_EndTransfer                  0x08002aea   Section        0  u8x8_byte.o(i.u8x8_byte_EndTransfer)
    i.u8x8_byte_SendByte                     0x08002afa   Section        0  u8x8_byte.o(i.u8x8_byte_SendByte)
    i.u8x8_byte_StartTransfer                0x08002b08   Section        0  u8x8_byte.o(i.u8x8_byte_StartTransfer)
    i.u8x8_byte_sw_i2c                       0x08002b18   Section        0  u8x8_byte.o(i.u8x8_byte_sw_i2c)
    i.u8x8_cad_EndTransfer                   0x08002bd4   Section        0  u8x8_cad.o(i.u8x8_cad_EndTransfer)
    i.u8x8_cad_SendArg                       0x08002be4   Section        0  u8x8_cad.o(i.u8x8_cad_SendArg)
    i.u8x8_cad_SendCmd                       0x08002bf4   Section        0  u8x8_cad.o(i.u8x8_cad_SendCmd)
    i.u8x8_cad_SendData                      0x08002c04   Section        0  u8x8_cad.o(i.u8x8_cad_SendData)
    i.u8x8_cad_SendSequence                  0x08002c14   Section        0  u8x8_cad.o(i.u8x8_cad_SendSequence)
    i.u8x8_cad_StartTransfer                 0x08002c7c   Section        0  u8x8_cad.o(i.u8x8_cad_StartTransfer)
    i.u8x8_cad_ssd13xx_fast_i2c              0x08002c8c   Section        0  u8x8_cad.o(i.u8x8_cad_ssd13xx_fast_i2c)
    i.u8x8_d_helper_display_init             0x08002d48   Section        0  u8x8_display.o(i.u8x8_d_helper_display_init)
    i.u8x8_d_helper_display_setup_memory     0x08002da8   Section        0  u8x8_display.o(i.u8x8_d_helper_display_setup_memory)
    i.u8x8_d_ssd1306_128x64_noname           0x08002db4   Section        0  u8x8_d_ssd1306_128x64_noname.o(i.u8x8_d_ssd1306_128x64_noname)
    i.u8x8_d_ssd1306_sh1106_generic          0x08002df0   Section        0  u8x8_d_ssd1306_128x64_noname.o(i.u8x8_d_ssd1306_sh1106_generic)
    u8x8_d_ssd1306_sh1106_generic            0x08002df1   Thumb Code   196  u8x8_d_ssd1306_128x64_noname.o(i.u8x8_d_ssd1306_sh1106_generic)
    i.u8x8_dummy_cb                          0x08002eb8   Section        0  u8x8_setup.o(i.u8x8_dummy_cb)
    i.u8x8_gpio_and_delay                    0x08002ebc   Section        0  my_u8g2_config.o(i.u8x8_gpio_and_delay)
    i.u8x8_gpio_call                         0x08002f4c   Section        0  u8x8_gpio.o(i.u8x8_gpio_call)
    i.u8x8_i2c_data_transfer                 0x08002f58   Section        0  u8x8_cad.o(i.u8x8_i2c_data_transfer)
    u8x8_i2c_data_transfer                   0x08002f59   Thumb Code    44  u8x8_cad.o(i.u8x8_i2c_data_transfer)
    i.u8x8_utf8_init                         0x08002f84   Section        0  u8x8_8x8.o(i.u8x8_utf8_init)
    .constdata                               0x08002f8c   Section      979  u8g2_fonts.o(.constdata)
    .constdata                               0x08003360   Section       12  u8g2_setup.o(.constdata)
    .constdata                               0x0800336c   Section      344  u8x8_d_ssd1306_128x64_noname.o(.constdata)
    u8x8_d_ssd1306_128x64_noname_powersave0_seq 0x0800336c   Data           5  u8x8_d_ssd1306_128x64_noname.o(.constdata)
    u8x8_d_ssd1306_128x64_noname_powersave1_seq 0x08003371   Data           5  u8x8_d_ssd1306_128x64_noname.o(.constdata)
    u8x8_d_ssd1306_128x64_noname_flip0_seq   0x08003376   Data           7  u8x8_d_ssd1306_128x64_noname.o(.constdata)
    u8x8_d_ssd1306_128x64_noname_flip1_seq   0x0800337d   Data           7  u8x8_d_ssd1306_128x64_noname.o(.constdata)
    u8x8_d_ssd1312_128x64_noname_flip0_seq   0x08003384   Data           7  u8x8_d_ssd1306_128x64_noname.o(.constdata)
    u8x8_d_ssd1312_128x64_noname_flip1_seq   0x0800338b   Data           7  u8x8_d_ssd1306_128x64_noname.o(.constdata)
    u8x8_d_ssd1306_128x64_noname_init_seq    0x08003392   Data          53  u8x8_d_ssd1306_128x64_noname.o(.constdata)
    u8x8_d_ssd1306_128x64_vcomh0_init_seq    0x080033c7   Data          53  u8x8_d_ssd1306_128x64_noname.o(.constdata)
    u8x8_d_ssd1306_128x64_alt0_init_seq      0x080033fc   Data          53  u8x8_d_ssd1306_128x64_noname.o(.constdata)
    u8x8_d_sh1106_128x64_winstar_init_seq    0x08003431   Data          45  u8x8_d_ssd1306_128x64_noname.o(.constdata)
    u8x8_d_ssd1312_128x64_noname_init_seq    0x0800345e   Data          53  u8x8_d_ssd1306_128x64_noname.o(.constdata)
    u8x8_ssd1306_128x64_noname_display_info  0x08003494   Data          24  u8x8_d_ssd1306_128x64_noname.o(.constdata)
    u8x8_sh1106_128x64_noname_display_info   0x080034ac   Data          24  u8x8_d_ssd1306_128x64_noname.o(.constdata)
    .constdata                               0x080034c4   Section       18  stm32f1xx_hal_rcc.o(.constdata)
    aPredivFactorTable                       0x080034c4   Data           2  stm32f1xx_hal_rcc.o(.constdata)
    aPLLMULFactorTable                       0x080034c6   Data          16  stm32f1xx_hal_rcc.o(.constdata)
    .constdata                               0x080034d6   Section       16  system_stm32f1xx.o(.constdata)
    .constdata                               0x080034e6   Section        8  system_stm32f1xx.o(.constdata)
    .data                                    0x20000000   Section        4  main.o(.data)
    .data                                    0x20000004   Section        6  u8x8_cad.o(.data)
    in_transfer                              0x20000004   Data           1  u8x8_cad.o(.data)
    in_transfer                              0x20000005   Data           1  u8x8_cad.o(.data)
    in_transfer                              0x20000006   Data           1  u8x8_cad.o(.data)
    is_data                                  0x20000007   Data           1  u8x8_cad.o(.data)
    in_transfer                              0x20000008   Data           1  u8x8_cad.o(.data)
    is_data                                  0x20000009   Data           1  u8x8_cad.o(.data)
    .data                                    0x2000000c   Section       12  stm32f1xx_hal.o(.data)
    .data                                    0x20000018   Section        4  system_stm32f1xx.o(.data)
    .bss                                     0x2000001c   Section      116  adc.o(.bss)
    .bss                                     0x20000090   Section      144  usart.o(.bss)
    .bss                                     0x20000120   Section       70  my_u8g2_config.o(.bss)
    .bss                                     0x20000166   Section     1024  u8g2_d_memory.o(.bss)
    buf                                      0x20000166   Data        1024  u8g2_d_memory.o(.bss)
    .bss                                     0x20000568   Section       96  libspace.o(.bss)
    HEAP                                     0x200005c8   Section      512  startup_stm32f103xb.o(HEAP)
    Heap_Mem                                 0x200005c8   Data         512  startup_stm32f103xb.o(HEAP)
    STACK                                    0x200007c8   Section     1024  startup_stm32f103xb.o(STACK)
    Stack_Mem                                0x200007c8   Data        1024  startup_stm32f103xb.o(STACK)
    __initial_sp                             0x20000bc8   Data           0  startup_stm32f103xb.o(STACK)

    Global Symbols

    Symbol Name                              Value     Ov Type        Size  Object(Section)

    BuildAttributes$$THM_ISAv4$P$D$K$B$S$PE$A:L22UL41UL21$X:L11$S22US41US21$IEEE1$IW$USESV6$~STKCKD$USESV7$~SHL$OSPACE$ROPI$EBA8$UX$STANDARDLIB$REQ8$PRES8$EABIv2 0x00000000   Number         0  anon$$obj.o ABSOLUTE
    __ARM_use_no_argv                        0x00000000   Number         0  main.o ABSOLUTE
    __ARM_exceptions_init                     - Undefined Weak Reference
    __alloca_initialize                       - Undefined Weak Reference
    __arm_fini_                               - Undefined Weak Reference
    __arm_preinit_                            - Undefined Weak Reference
    __cpp_initialize__aeabi_                  - Undefined Weak Reference
    __cxa_finalize                            - Undefined Weak Reference
    __rt_locale                               - Undefined Weak Reference
    __sigvec_lookup                           - Undefined Weak Reference
    _atexit_init                              - Undefined Weak Reference
    _call_atexit_fns                          - Undefined Weak Reference
    _clock_init                               - Undefined Weak Reference
    _fp_trap_init                             - Undefined Weak Reference
    _fp_trap_shutdown                         - Undefined Weak Reference
    _get_lc_collate                           - Undefined Weak Reference
    _get_lc_ctype                             - Undefined Weak Reference
    _get_lc_monetary                          - Undefined Weak Reference
    _get_lc_numeric                           - Undefined Weak Reference
    _get_lc_time                              - Undefined Weak Reference
    _getenv_init                              - Undefined Weak Reference
    _handle_redirection                       - Undefined Weak Reference
    _init_alloc                               - Undefined Weak Reference
    _init_user_alloc                          - Undefined Weak Reference
    _initio                                   - Undefined Weak Reference
    _printf_post_padding                      - Undefined Weak Reference
    _printf_pre_padding                       - Undefined Weak Reference
    _printf_truncate_signed                   - Undefined Weak Reference
    _printf_truncate_unsigned                 - Undefined Weak Reference
    _rand_init                                - Undefined Weak Reference
    _signal_finish                            - Undefined Weak Reference
    _signal_init                              - Undefined Weak Reference
    _terminate_alloc                          - Undefined Weak Reference
    _terminate_user_alloc                     - Undefined Weak Reference
    _terminateio                              - Undefined Weak Reference
    __Vectors_Size                           0x000000ec   Number         0  startup_stm32f103xb.o ABSOLUTE
    __Vectors                                0x08000000   Data           4  startup_stm32f103xb.o(RESET)
    __Vectors_End                            0x080000ec   Data           0  startup_stm32f103xb.o(RESET)
    __main                                   0x080000ed   Thumb Code     8  __main.o(!!!main)
    __scatterload                            0x080000f5   Thumb Code     0  __scatter.o(!!!scatter)
    __scatterload_rt2                        0x080000f5   Thumb Code    44  __scatter.o(!!!scatter)
    __scatterload_rt2_thumb_only             0x080000f5   Thumb Code     0  __scatter.o(!!!scatter)
    __scatterload_null                       0x08000103   Thumb Code     0  __scatter.o(!!!scatter)
    __scatterload_copy                       0x08000129   Thumb Code    26  __scatter_copy.o(!!handler_copy)
    __scatterload_zeroinit                   0x08000145   Thumb Code    28  __scatter_zi.o(!!handler_zi)
    _printf_d                                0x08000161   Thumb Code     0  _printf_d.o(.ARM.Collect$$_printf_percent$$00000009)
    _printf_percent                          0x08000161   Thumb Code     0  _printf_percent.o(.ARM.Collect$$_printf_percent$$00000000)
    _printf_percent_end                      0x08000167   Thumb Code     0  _printf_percent_end.o(.ARM.Collect$$_printf_percent$$00000017)
    __rt_lib_init                            0x0800016b   Thumb Code     0  libinit.o(.ARM.Collect$$libinit$$00000000)
    __rt_lib_init_alloca_1                   0x0800016d   Thumb Code     0  libinit2.o(.ARM.Collect$$libinit$$0000002E)
    __rt_lib_init_argv_1                     0x0800016d   Thumb Code     0  libinit2.o(.ARM.Collect$$libinit$$0000002C)
    __rt_lib_init_atexit_1                   0x0800016d   Thumb Code     0  libinit2.o(.ARM.Collect$$libinit$$0000001B)
    __rt_lib_init_clock_1                    0x0800016d   Thumb Code     0  libinit2.o(.ARM.Collect$$libinit$$00000021)
    __rt_lib_init_cpp_1                      0x0800016d   Thumb Code     0  libinit2.o(.ARM.Collect$$libinit$$00000032)
    __rt_lib_init_exceptions_1               0x0800016d   Thumb Code     0  libinit2.o(.ARM.Collect$$libinit$$00000030)
    __rt_lib_init_fp_1                       0x0800016d   Thumb Code     0  libinit2.o(.ARM.Collect$$libinit$$00000002)
    __rt_lib_init_fp_trap_1                  0x0800016d   Thumb Code     0  libinit2.o(.ARM.Collect$$libinit$$0000001F)
    __rt_lib_init_getenv_1                   0x0800016d   Thumb Code     0  libinit2.o(.ARM.Collect$$libinit$$00000023)
    __rt_lib_init_heap_1                     0x0800016d   Thumb Code     0  libinit2.o(.ARM.Collect$$libinit$$0000000A)
    __rt_lib_init_lc_collate_1               0x0800016d   Thumb Code     0  libinit2.o(.ARM.Collect$$libinit$$00000011)
    __rt_lib_init_lc_ctype_1                 0x0800016d   Thumb Code     0  libinit2.o(.ARM.Collect$$libinit$$00000013)
    __rt_lib_init_lc_monetary_1              0x0800016d   Thumb Code     0  libinit2.o(.ARM.Collect$$libinit$$00000015)
    __rt_lib_init_lc_numeric_1               0x0800016d   Thumb Code     0  libinit2.o(.ARM.Collect$$libinit$$00000017)
    __rt_lib_init_lc_time_1                  0x0800016d   Thumb Code     0  libinit2.o(.ARM.Collect$$libinit$$00000019)
    __rt_lib_init_preinit_1                  0x0800016d   Thumb Code     0  libinit2.o(.ARM.Collect$$libinit$$00000004)
    __rt_lib_init_rand_1                     0x0800016d   Thumb Code     0  libinit2.o(.ARM.Collect$$libinit$$0000000E)
    __rt_lib_init_return                     0x0800016d   Thumb Code     0  libinit2.o(.ARM.Collect$$libinit$$00000033)
    __rt_lib_init_signal_1                   0x0800016d   Thumb Code     0  libinit2.o(.ARM.Collect$$libinit$$0000001D)
    __rt_lib_init_stdio_1                    0x0800016d   Thumb Code     0  libinit2.o(.ARM.Collect$$libinit$$00000025)
    __rt_lib_init_user_alloc_1               0x0800016d   Thumb Code     0  libinit2.o(.ARM.Collect$$libinit$$0000000C)
    __rt_lib_shutdown                        0x0800016f   Thumb Code     0  libshutdown.o(.ARM.Collect$$libshutdown$$00000000)
    __rt_lib_shutdown_cpp_1                  0x08000171   Thumb Code     0  libshutdown2.o(.ARM.Collect$$libshutdown$$00000004)
    __rt_lib_shutdown_fini_1                 0x08000171   Thumb Code     0  libshutdown2.o(.ARM.Collect$$libshutdown$$00000002)
    __rt_lib_shutdown_fp_trap_1              0x08000171   Thumb Code     0  libshutdown2.o(.ARM.Collect$$libshutdown$$00000009)
    __rt_lib_shutdown_heap_1                 0x08000171   Thumb Code     0  libshutdown2.o(.ARM.Collect$$libshutdown$$00000011)
    __rt_lib_shutdown_return                 0x08000171   Thumb Code     0  libshutdown2.o(.ARM.Collect$$libshutdown$$00000012)
    __rt_lib_shutdown_signal_1               0x08000171   Thumb Code     0  libshutdown2.o(.ARM.Collect$$libshutdown$$0000000C)
    __rt_lib_shutdown_stdio_1                0x08000171   Thumb Code     0  libshutdown2.o(.ARM.Collect$$libshutdown$$00000006)
    __rt_lib_shutdown_user_alloc_1           0x08000171   Thumb Code     0  libshutdown2.o(.ARM.Collect$$libshutdown$$0000000E)
    __rt_entry                               0x08000173   Thumb Code     0  __rtentry.o(.ARM.Collect$$rtentry$$00000000)
    __rt_entry_presh_1                       0x08000173   Thumb Code     0  __rtentry2.o(.ARM.Collect$$rtentry$$00000002)
    __rt_entry_sh                            0x08000173   Thumb Code     0  __rtentry4.o(.ARM.Collect$$rtentry$$00000004)
    __rt_entry_li                            0x08000179   Thumb Code     0  __rtentry2.o(.ARM.Collect$$rtentry$$0000000A)
    __rt_entry_postsh_1                      0x08000179   Thumb Code     0  __rtentry2.o(.ARM.Collect$$rtentry$$00000009)
    __rt_entry_main                          0x0800017d   Thumb Code     0  __rtentry2.o(.ARM.Collect$$rtentry$$0000000D)
    __rt_entry_postli_1                      0x0800017d   Thumb Code     0  __rtentry2.o(.ARM.Collect$$rtentry$$0000000C)
    __rt_exit                                0x08000185   Thumb Code     0  rtexit.o(.ARM.Collect$$rtexit$$00000000)
    __rt_exit_ls                             0x08000187   Thumb Code     0  rtexit2.o(.ARM.Collect$$rtexit$$00000003)
    __rt_exit_prels_1                        0x08000187   Thumb Code     0  rtexit2.o(.ARM.Collect$$rtexit$$00000002)
    __rt_exit_exit                           0x0800018b   Thumb Code     0  rtexit2.o(.ARM.Collect$$rtexit$$00000004)
    Reset_Handler                            0x08000191   Thumb Code     8  startup_stm32f103xb.o(.text)
    ADC1_2_IRQHandler                        0x080001ab   Thumb Code     0  startup_stm32f103xb.o(.text)
    CAN1_RX1_IRQHandler                      0x080001ab   Thumb Code     0  startup_stm32f103xb.o(.text)
    CAN1_SCE_IRQHandler                      0x080001ab   Thumb Code     0  startup_stm32f103xb.o(.text)
    DMA1_Channel2_IRQHandler                 0x080001ab   Thumb Code     0  startup_stm32f103xb.o(.text)
    DMA1_Channel3_IRQHandler                 0x080001ab   Thumb Code     0  startup_stm32f103xb.o(.text)
    DMA1_Channel4_IRQHandler                 0x080001ab   Thumb Code     0  startup_stm32f103xb.o(.text)
    DMA1_Channel5_IRQHandler                 0x080001ab   Thumb Code     0  startup_stm32f103xb.o(.text)
    DMA1_Channel6_IRQHandler                 0x080001ab   Thumb Code     0  startup_stm32f103xb.o(.text)
    DMA1_Channel7_IRQHandler                 0x080001ab   Thumb Code     0  startup_stm32f103xb.o(.text)
    EXTI0_IRQHandler                         0x080001ab   Thumb Code     0  startup_stm32f103xb.o(.text)
    EXTI15_10_IRQHandler                     0x080001ab   Thumb Code     0  startup_stm32f103xb.o(.text)
    EXTI1_IRQHandler                         0x080001ab   Thumb Code     0  startup_stm32f103xb.o(.text)
    EXTI2_IRQHandler                         0x080001ab   Thumb Code     0  startup_stm32f103xb.o(.text)
    EXTI3_IRQHandler                         0x080001ab   Thumb Code     0  startup_stm32f103xb.o(.text)
    EXTI4_IRQHandler                         0x080001ab   Thumb Code     0  startup_stm32f103xb.o(.text)
    EXTI9_5_IRQHandler                       0x080001ab   Thumb Code     0  startup_stm32f103xb.o(.text)
    FLASH_IRQHandler                         0x080001ab   Thumb Code     0  startup_stm32f103xb.o(.text)
    I2C1_ER_IRQHandler                       0x080001ab   Thumb Code     0  startup_stm32f103xb.o(.text)
    I2C1_EV_IRQHandler                       0x080001ab   Thumb Code     0  startup_stm32f103xb.o(.text)
    I2C2_ER_IRQHandler                       0x080001ab   Thumb Code     0  startup_stm32f103xb.o(.text)
    I2C2_EV_IRQHandler                       0x080001ab   Thumb Code     0  startup_stm32f103xb.o(.text)
    PVD_IRQHandler                           0x080001ab   Thumb Code     0  startup_stm32f103xb.o(.text)
    RCC_IRQHandler                           0x080001ab   Thumb Code     0  startup_stm32f103xb.o(.text)
    RTC_Alarm_IRQHandler                     0x080001ab   Thumb Code     0  startup_stm32f103xb.o(.text)
    RTC_IRQHandler                           0x080001ab   Thumb Code     0  startup_stm32f103xb.o(.text)
    SPI1_IRQHandler                          0x080001ab   Thumb Code     0  startup_stm32f103xb.o(.text)
    SPI2_IRQHandler                          0x080001ab   Thumb Code     0  startup_stm32f103xb.o(.text)
    TAMPER_IRQHandler                        0x080001ab   Thumb Code     0  startup_stm32f103xb.o(.text)
    TIM1_BRK_IRQHandler                      0x080001ab   Thumb Code     0  startup_stm32f103xb.o(.text)
    TIM1_CC_IRQHandler                       0x080001ab   Thumb Code     0  startup_stm32f103xb.o(.text)
    TIM1_TRG_COM_IRQHandler                  0x080001ab   Thumb Code     0  startup_stm32f103xb.o(.text)
    TIM1_UP_IRQHandler                       0x080001ab   Thumb Code     0  startup_stm32f103xb.o(.text)
    TIM2_IRQHandler                          0x080001ab   Thumb Code     0  startup_stm32f103xb.o(.text)
    TIM3_IRQHandler                          0x080001ab   Thumb Code     0  startup_stm32f103xb.o(.text)
    TIM4_IRQHandler                          0x080001ab   Thumb Code     0  startup_stm32f103xb.o(.text)
    USART3_IRQHandler                        0x080001ab   Thumb Code     0  startup_stm32f103xb.o(.text)
    USBWakeUp_IRQHandler                     0x080001ab   Thumb Code     0  startup_stm32f103xb.o(.text)
    USB_HP_CAN1_TX_IRQHandler                0x080001ab   Thumb Code     0  startup_stm32f103xb.o(.text)
    USB_LP_CAN1_RX0_IRQHandler               0x080001ab   Thumb Code     0  startup_stm32f103xb.o(.text)
    WWDG_IRQHandler                          0x080001ab   Thumb Code     0  startup_stm32f103xb.o(.text)
    __user_initial_stackheap                 0x080001ad   Thumb Code     0  startup_stm32f103xb.o(.text)
    __2sprintf                               0x080001d1   Thumb Code    34  noretval__2sprintf.o(.text)
    __printf                                 0x080001f9   Thumb Code   104  __printf.o(.text)
    _printf_int_dec                          0x08000261   Thumb Code   104  _printf_dec.o(.text)
    __aeabi_memclr                           0x080002d9   Thumb Code     0  rt_memclr.o(.text)
    __rt_memclr                              0x080002d9   Thumb Code    68  rt_memclr.o(.text)
    _memset                                  0x080002dd   Thumb Code     0  rt_memclr.o(.text)
    __aeabi_memclr4                          0x0800031d   Thumb Code     0  rt_memclr_w.o(.text)
    __aeabi_memclr8                          0x0800031d   Thumb Code     0  rt_memclr_w.o(.text)
    __rt_memclr_w                            0x0800031d   Thumb Code    78  rt_memclr_w.o(.text)
    _memset_w                                0x08000321   Thumb Code     0  rt_memclr_w.o(.text)
    __use_two_region_memory                  0x0800036b   Thumb Code     2  heapauxi.o(.text)
    __rt_heap_escrow$2region                 0x0800036d   Thumb Code     2  heapauxi.o(.text)
    __rt_heap_expand$2region                 0x0800036f   Thumb Code     2  heapauxi.o(.text)
    _printf_int_common                       0x08000371   Thumb Code   178  _printf_intcommon.o(.text)
    _printf_char_common                      0x0800042f   Thumb Code    32  _printf_char_common.o(.text)
    _sputc                                   0x08000455   Thumb Code    10  _sputc.o(.text)
    __user_setup_stackheap                   0x0800045f   Thumb Code    74  sys_stackheap_outer.o(.text)
    exit                                     0x080004a9   Thumb Code    18  exit.o(.text)
    __user_libspace                          0x080004bd   Thumb Code     8  libspace.o(.text)
    __user_perproc_libspace                  0x080004bd   Thumb Code     0  libspace.o(.text)
    __user_perthread_libspace                0x080004bd   Thumb Code     0  libspace.o(.text)
    _sys_exit                                0x080004c5   Thumb Code     8  sys_exit.o(.text)
    __I$use$semihosting                      0x080004d1   Thumb Code     0  use_no_semi.o(.text)
    __use_no_semihosting_swi                 0x080004d1   Thumb Code     2  use_no_semi.o(.text)
    __semihosting_library_function           0x080004d3   Thumb Code     0  indicate_semi.o(.text)
    ADC_ConversionStop_Disable               0x080004d5   Thumb Code    86  stm32f1xx_hal_adc.o(i.ADC_ConversionStop_Disable)
    BusFault_Handler                         0x0800052b   Thumb Code     2  stm32f1xx_it.o(i.BusFault_Handler)
    DHT11_Check                              0x0800052d   Thumb Code    84  dht11.o(i.DHT11_Check)
    DHT11_IO_IN                              0x08000585   Thumb Code    48  dht11.o(i.DHT11_IO_IN)
    DHT11_IO_OUT                             0x080005bd   Thumb Code    70  dht11.o(i.DHT11_IO_OUT)
    DHT11_Init                               0x0800060d   Thumb Code    78  dht11.o(i.DHT11_Init)
    DHT11_Read_Bit                           0x08000665   Thumb Code    82  dht11.o(i.DHT11_Read_Bit)
    DHT11_Read_Byte                          0x080006bd   Thumb Code    26  dht11.o(i.DHT11_Read_Byte)
    DHT11_Read_Data                          0x080006d7   Thumb Code    92  dht11.o(i.DHT11_Read_Data)
    DHT11_Rst                                0x08000735   Thumb Code    44  dht11.o(i.DHT11_Rst)
    DMA1_Channel1_IRQHandler                 0x08000765   Thumb Code     6  stm32f1xx_it.o(i.DMA1_Channel1_IRQHandler)
    DebugMon_Handler                         0x08000771   Thumb Code     2  stm32f1xx_it.o(i.DebugMon_Handler)
    Error_Handler                            0x08000773   Thumb Code     4  main.o(i.Error_Handler)
    HAL_ADC_ConfigChannel                    0x08000779   Thumb Code   240  stm32f1xx_hal_adc.o(i.HAL_ADC_ConfigChannel)
    HAL_ADC_Init                             0x08000875   Thumb Code   272  stm32f1xx_hal_adc.o(i.HAL_ADC_Init)
    HAL_ADC_MspInit                          0x08000991   Thumb Code   120  adc.o(i.HAL_ADC_MspInit)
    HAL_DMA_Abort                            0x08000a1d   Thumb Code    70  stm32f1xx_hal_dma.o(i.HAL_DMA_Abort)
    HAL_DMA_Abort_IT                         0x08000a65   Thumb Code   148  stm32f1xx_hal_dma.o(i.HAL_DMA_Abort_IT)
    HAL_DMA_IRQHandler                       0x08000afd   Thumb Code   316  stm32f1xx_hal_dma.o(i.HAL_DMA_IRQHandler)
    HAL_DMA_Init                             0x08000c51   Thumb Code    84  stm32f1xx_hal_dma.o(i.HAL_DMA_Init)
    HAL_Delay                                0x08000cad   Thumb Code    32  stm32f1xx_hal.o(i.HAL_Delay)
    HAL_GPIO_Init                            0x08000cd1   Thumb Code   446  stm32f1xx_hal_gpio.o(i.HAL_GPIO_Init)
    HAL_GPIO_ReadPin                         0x08000eb1   Thumb Code    10  stm32f1xx_hal_gpio.o(i.HAL_GPIO_ReadPin)
    HAL_GPIO_WritePin                        0x08000ebb   Thumb Code    10  stm32f1xx_hal_gpio.o(i.HAL_GPIO_WritePin)
    HAL_GetTick                              0x08000ec5   Thumb Code     6  stm32f1xx_hal.o(i.HAL_GetTick)
    HAL_IncTick                              0x08000ed1   Thumb Code    12  stm32f1xx_hal.o(i.HAL_IncTick)
    HAL_Init                                 0x08000ee1   Thumb Code    32  stm32f1xx_hal.o(i.HAL_Init)
    HAL_InitTick                             0x08000f05   Thumb Code    54  stm32f1xx_hal.o(i.HAL_InitTick)
    HAL_MspInit                              0x08000f45   Thumb Code    52  stm32f1xx_hal_msp.o(i.HAL_MspInit)
    HAL_NVIC_EnableIRQ                       0x08000f81   Thumb Code    26  stm32f1xx_hal_cortex.o(i.HAL_NVIC_EnableIRQ)
    HAL_NVIC_SetPriority                     0x08000f9d   Thumb Code    60  stm32f1xx_hal_cortex.o(i.HAL_NVIC_SetPriority)
    HAL_NVIC_SetPriorityGrouping             0x08000fdd   Thumb Code    26  stm32f1xx_hal_cortex.o(i.HAL_NVIC_SetPriorityGrouping)
    HAL_RCCEx_PeriphCLKConfig                0x08001001   Thumb Code   224  stm32f1xx_hal_rcc_ex.o(i.HAL_RCCEx_PeriphCLKConfig)
    HAL_RCC_ClockConfig                      0x080010ed   Thumb Code   280  stm32f1xx_hal_rcc.o(i.HAL_RCC_ClockConfig)
    HAL_RCC_GetPCLK1Freq                     0x08001219   Thumb Code    20  stm32f1xx_hal_rcc.o(i.HAL_RCC_GetPCLK1Freq)
    HAL_RCC_GetPCLK2Freq                     0x08001239   Thumb Code    20  stm32f1xx_hal_rcc.o(i.HAL_RCC_GetPCLK2Freq)
    HAL_RCC_GetSysClockFreq                  0x08001259   Thumb Code    58  stm32f1xx_hal_rcc.o(i.HAL_RCC_GetSysClockFreq)
    HAL_RCC_OscConfig                        0x080012a5   Thumb Code   778  stm32f1xx_hal_rcc.o(i.HAL_RCC_OscConfig)
    HAL_SYSTICK_Config                       0x080015c5   Thumb Code    40  stm32f1xx_hal_cortex.o(i.HAL_SYSTICK_Config)
    HAL_UARTEx_RxEventCallback               0x080015ed   Thumb Code     2  stm32f1xx_hal_uart.o(i.HAL_UARTEx_RxEventCallback)
    HAL_UART_ErrorCallback                   0x080015ef   Thumb Code     2  stm32f1xx_hal_uart.o(i.HAL_UART_ErrorCallback)
    HAL_UART_IRQHandler                      0x080015f1   Thumb Code   616  stm32f1xx_hal_uart.o(i.HAL_UART_IRQHandler)
    HAL_UART_Init                            0x0800185d   Thumb Code   100  stm32f1xx_hal_uart.o(i.HAL_UART_Init)
    HAL_UART_MspInit                         0x080018c1   Thumb Code   198  usart.o(i.HAL_UART_MspInit)
    HAL_UART_RxCpltCallback                  0x08001999   Thumb Code     2  stm32f1xx_hal_uart.o(i.HAL_UART_RxCpltCallback)
    HAL_UART_Transmit                        0x0800199b   Thumb Code   154  stm32f1xx_hal_uart.o(i.HAL_UART_Transmit)
    HAL_UART_TxCpltCallback                  0x08001a35   Thumb Code     2  stm32f1xx_hal_uart.o(i.HAL_UART_TxCpltCallback)
    HardFault_Handler                        0x08001a37   Thumb Code     2  stm32f1xx_it.o(i.HardFault_Handler)
    MX_ADC1_Init                             0x08001a39   Thumb Code    90  adc.o(i.MX_ADC1_Init)
    MX_DMA_Init                              0x08001a9d   Thumb Code    40  dma.o(i.MX_DMA_Init)
    MX_GPIO_Init                             0x08001ac9   Thumb Code   174  gpio.o(i.MX_GPIO_Init)
    MX_USART1_UART_Init                      0x08001b85   Thumb Code    48  usart.o(i.MX_USART1_UART_Init)
    MX_USART2_UART_Init                      0x08001bbd   Thumb Code    48  usart.o(i.MX_USART2_UART_Init)
    MemManage_Handler                        0x08001bf5   Thumb Code     2  stm32f1xx_it.o(i.MemManage_Handler)
    NMI_Handler                              0x08001bf7   Thumb Code     2  stm32f1xx_it.o(i.NMI_Handler)
    PendSV_Handler                           0x08001bf9   Thumb Code     2  stm32f1xx_it.o(i.PendSV_Handler)
    SVC_Handler                              0x08001bfb   Thumb Code     2  stm32f1xx_it.o(i.SVC_Handler)
    SysTick_Handler                          0x08001bfd   Thumb Code     4  stm32f1xx_it.o(i.SysTick_Handler)
    SystemClock_Config                       0x08001c01   Thumb Code   120  main.o(i.SystemClock_Config)
    SystemInit                               0x08001c79   Thumb Code     2  system_stm32f1xx.o(i.SystemInit)
    USART1_IRQHandler                        0x08001ecd   Thumb Code     6  stm32f1xx_it.o(i.USART1_IRQHandler)
    USART2_IRQHandler                        0x08001ed9   Thumb Code     6  stm32f1xx_it.o(i.USART2_IRQHandler)
    UsageFault_Handler                       0x08001ee5   Thumb Code     2  stm32f1xx_it.o(i.UsageFault_Handler)
    delay_ms                                 0x08001f07   Thumb Code    26  dht11.o(i.delay_ms)
    delay_us                                 0x08001f21   Thumb Code    74  dht11.o(i.delay_us)
    main                                     0x0800204d   Thumb Code    98  main.o(i.main)
    u8g2Init                                 0x080020c1   Thumb Code    38  my_u8g2_config.o(i.u8g2Init)
    u8g2_ClearBuffer                         0x080020f5   Thumb Code    18  u8g2_buffer.o(i.u8g2_ClearBuffer)
    u8g2_DrawGlyph                           0x08002107   Thumb Code   112  u8g2_font.o(i.u8g2_DrawGlyph)
    u8g2_DrawHVLine                          0x08002179   Thumb Code   172  u8g2_hvline.o(i.u8g2_DrawHVLine)
    u8g2_DrawStr                             0x08002225   Thumb Code    12  u8g2_font.o(i.u8g2_DrawStr)
    u8g2_FirstPage                           0x08002235   Thumb Code    28  u8g2_buffer.o(i.u8g2_FirstPage)
    u8g2_IsIntersection                      0x08002251   Thumb Code    48  u8g2_intersection.o(i.u8g2_IsIntersection)
    u8g2_NextPage                            0x08002281   Thumb Code    62  u8g2_buffer.o(i.u8g2_NextPage)
    u8g2_SetBufferCurrTileRow                0x080022bf   Thumb Code    28  u8g2_buffer.o(i.u8g2_SetBufferCurrTileRow)
    u8g2_SetFont                             0x080022db   Thumb Code    32  u8g2_font.o(i.u8g2_SetFont)
    u8g2_SetFontPosBaseline                  0x080022fd   Thumb Code     6  u8g2_font.o(i.u8g2_SetFontPosBaseline)
    u8g2_SetMaxClipWindow                    0x08002309   Thumb Code    28  u8g2_setup.o(i.u8g2_SetMaxClipWindow)
    u8g2_SetupBuffer                         0x08002325   Thumb Code    70  u8g2_setup.o(i.u8g2_SetupBuffer)
    u8g2_Setup_ssd1306_i2c_128x64_noname_f   0x0800236d   Thumb Code    42  u8g2_d_setup.o(i.u8g2_Setup_ssd1306_i2c_128x64_noname_f)
    u8g2_UpdateRefHeight                     0x080023a5   Thumb Code    82  u8g2_font.o(i.u8g2_UpdateRefHeight)
    u8g2_add_vector_x                        0x080023f7   Thumb Code    28  u8g2_font.o(i.u8g2_add_vector_x)
    u8g2_add_vector_y                        0x08002413   Thumb Code    28  u8g2_font.o(i.u8g2_add_vector_y)
    u8g2_draw_hv_line_2dir                   0x080024d9   Thumb Code    18  u8g2_hvline.o(i.u8g2_draw_hv_line_2dir)
    u8g2_draw_l90_r0                         0x080024eb   Thumb Code    12  u8g2_setup.o(i.u8g2_draw_l90_r0)
    u8g2_font_calc_vref_font                 0x0800256d   Thumb Code     4  u8g2_font.o(i.u8g2_font_calc_vref_font)
    u8g2_font_decode_get_signed_bits         0x08002571   Thumb Code    20  u8g2_font.o(i.u8g2_font_decode_get_signed_bits)
    u8g2_font_decode_get_unsigned_bits       0x08002585   Thumb Code    52  u8g2_font.o(i.u8g2_font_decode_get_unsigned_bits)
    u8g2_font_decode_glyph                   0x080025b9   Thumb Code   276  u8g2_font.o(i.u8g2_font_decode_glyph)
    u8g2_font_decode_len                     0x080026cd   Thumb Code   140  u8g2_font.o(i.u8g2_font_decode_len)
    u8g2_font_get_glyph_data                 0x08002759   Thumb Code   114  u8g2_font.o(i.u8g2_font_get_glyph_data)
    u8g2_is_intersection_decision_tree       0x08002813   Thumb Code    24  u8g2_intersection.o(i.u8g2_is_intersection_decision_tree)
    u8g2_ll_hvline_vertical_top_lsb          0x0800282d   Thumb Code   144  u8g2_ll_hvline.o(i.u8g2_ll_hvline_vertical_top_lsb)
    u8g2_m_16_8_f                            0x080028bd   Thumb Code     8  u8g2_d_memory.o(i.u8g2_m_16_8_f)
    u8g2_read_font_info                      0x080028c9   Thumb Code   106  u8g2_font.o(i.u8g2_read_font_info)
    u8g2_test_1                              0x08002981   Thumb Code    42  my_u8g2_config.o(i.u8g2_test_1)
    u8g2_update_dimension_r0                 0x08002a13   Thumb Code     4  u8g2_setup.o(i.u8g2_update_dimension_r0)
    u8g2_update_page_win_r0                  0x08002a17   Thumb Code    34  u8g2_setup.o(i.u8g2_update_page_win_r0)
    u8x8_DrawTile                            0x08002a39   Thumb Code    30  u8x8_display.o(i.u8x8_DrawTile)
    u8x8_InitDisplay                         0x08002a57   Thumb Code    16  u8x8_display.o(i.u8x8_InitDisplay)
    u8x8_RefreshDisplay                      0x08002a67   Thumb Code    16  u8x8_display.o(i.u8x8_RefreshDisplay)
    u8x8_SetPowerSave                        0x08002a77   Thumb Code    16  u8x8_display.o(i.u8x8_SetPowerSave)
    u8x8_Setup                               0x08002a87   Thumb Code    34  u8x8_setup.o(i.u8x8_Setup)
    u8x8_SetupDefaults                       0x08002aa9   Thumb Code    32  u8x8_setup.o(i.u8x8_SetupDefaults)
    u8x8_SetupMemory                         0x08002acd   Thumb Code    16  u8x8_display.o(i.u8x8_SetupMemory)
    u8x8_ascii_next                          0x08002add   Thumb Code    14  u8x8_8x8.o(i.u8x8_ascii_next)
    u8x8_byte_EndTransfer                    0x08002aeb   Thumb Code    16  u8x8_byte.o(i.u8x8_byte_EndTransfer)
    u8x8_byte_SendByte                       0x08002afb   Thumb Code    14  u8x8_byte.o(i.u8x8_byte_SendByte)
    u8x8_byte_StartTransfer                  0x08002b09   Thumb Code    16  u8x8_byte.o(i.u8x8_byte_StartTransfer)
    u8x8_byte_sw_i2c                         0x08002b19   Thumb Code   188  u8x8_byte.o(i.u8x8_byte_sw_i2c)
    u8x8_cad_EndTransfer                     0x08002bd5   Thumb Code    16  u8x8_cad.o(i.u8x8_cad_EndTransfer)
    u8x8_cad_SendArg                         0x08002be5   Thumb Code    16  u8x8_cad.o(i.u8x8_cad_SendArg)
    u8x8_cad_SendCmd                         0x08002bf5   Thumb Code    16  u8x8_cad.o(i.u8x8_cad_SendCmd)
    u8x8_cad_SendData                        0x08002c05   Thumb Code    16  u8x8_cad.o(i.u8x8_cad_SendData)
    u8x8_cad_SendSequence                    0x08002c15   Thumb Code   104  u8x8_cad.o(i.u8x8_cad_SendSequence)
    u8x8_cad_StartTransfer                   0x08002c7d   Thumb Code    16  u8x8_cad.o(i.u8x8_cad_StartTransfer)
    u8x8_cad_ssd13xx_fast_i2c                0x08002c8d   Thumb Code   182  u8x8_cad.o(i.u8x8_cad_ssd13xx_fast_i2c)
    u8x8_d_helper_display_init               0x08002d49   Thumb Code    96  u8x8_display.o(i.u8x8_d_helper_display_init)
    u8x8_d_helper_display_setup_memory       0x08002da9   Thumb Code    10  u8x8_display.o(i.u8x8_d_helper_display_setup_memory)
    u8x8_d_ssd1306_128x64_noname             0x08002db5   Thumb Code    52  u8x8_d_ssd1306_128x64_noname.o(i.u8x8_d_ssd1306_128x64_noname)
    u8x8_dummy_cb                            0x08002eb9   Thumb Code     4  u8x8_setup.o(i.u8x8_dummy_cb)
    u8x8_gpio_and_delay                      0x08002ebd   Thumb Code   138  my_u8g2_config.o(i.u8x8_gpio_and_delay)
    u8x8_gpio_call                           0x08002f4d   Thumb Code    12  u8x8_gpio.o(i.u8x8_gpio_call)
    u8x8_utf8_init                           0x08002f85   Thumb Code     8  u8x8_8x8.o(i.u8x8_utf8_init)
    u8g2_font_6x10_tr                        0x08002f8c   Data         979  u8g2_fonts.o(.constdata)
    u8g2_cb_r0                               0x08003360   Data          12  u8g2_setup.o(.constdata)
    AHBPrescTable                            0x080034d6   Data          16  system_stm32f1xx.o(.constdata)
    APBPrescTable                            0x080034e6   Data           8  system_stm32f1xx.o(.constdata)
    Region$$Table$$Base                      0x080034f0   Number         0  anon$$obj.o(Region$$Table)
    Region$$Table$$Limit                     0x08003510   Number         0  anon$$obj.o(Region$$Table)
    temp                                     0x20000000   Data           1  main.o(.data)
    humi                                     0x20000001   Data           1  main.o(.data)
    tempp                                    0x20000002   Data           1  main.o(.data)
    humii                                    0x20000003   Data           1  main.o(.data)
    uwTickFreq                               0x2000000c   Data           1  stm32f1xx_hal.o(.data)
    uwTickPrio                               0x20000010   Data           4  stm32f1xx_hal.o(.data)
    uwTick                                   0x20000014   Data           4  stm32f1xx_hal.o(.data)
    SystemCoreClock                          0x20000018   Data           4  system_stm32f1xx.o(.data)
    hadc1                                    0x2000001c   Data          48  adc.o(.bss)
    hdma_adc1                                0x2000004c   Data          68  adc.o(.bss)
    huart1                                   0x20000090   Data          72  usart.o(.bss)
    huart2                                   0x200000d8   Data          72  usart.o(.bss)
    str1                                     0x20000120   Data          70  my_u8g2_config.o(.bss)
    __libspace_start                         0x20000568   Data          96  libspace.o(.bss)
    __temporary_stack_top$libspace           0x200005c8   Data           0  libspace.o(.bss)



==============================================================================

Memory Map of the image

  Image Entry point : 0x080000ed

  Load Region LR_IROM1 (Base: 0x08000000, Size: 0x0000352c, Max: 0x00010000, ABSOLUTE)

    Execution Region ER_IROM1 (Exec base: 0x08000000, Load base: 0x08000000, Size: 0x00003510, Max: 0x00010000, ABSOLUTE)

    Exec Addr    Load Addr    Size         Type   Attr      Idx    E Section Name        Object

    0x08000000   0x08000000   0x000000ec   Data   RO            3    RESET               startup_stm32f103xb.o
    0x080000ec   0x080000ec   0x00000008   Code   RO         6895  * !!!main             c_w.l(__main.o)
    0x080000f4   0x080000f4   0x00000034   Code   RO         7063    !!!scatter          c_w.l(__scatter.o)
    0x08000128   0x08000128   0x0000001a   Code   RO         7065    !!handler_copy      c_w.l(__scatter_copy.o)
    0x08000142   0x08000142   0x00000002   PAD
    0x08000144   0x08000144   0x0000001c   Code   RO         7067    !!handler_zi        c_w.l(__scatter_zi.o)
    0x08000160   0x08000160   0x00000000   Code   RO         6888    .ARM.Collect$$_printf_percent$$00000000  c_w.l(_printf_percent.o)
    0x08000160   0x08000160   0x00000006   Code   RO         6887    .ARM.Collect$$_printf_percent$$00000009  c_w.l(_printf_d.o)
    0x08000166   0x08000166   0x00000004   Code   RO         6904    .ARM.Collect$$_printf_percent$$00000017  c_w.l(_printf_percent_end.o)
    0x0800016a   0x0800016a   0x00000002   Code   RO         6931    .ARM.Collect$$libinit$$00000000  c_w.l(libinit.o)
    0x0800016c   0x0800016c   0x00000000   Code   RO         6938    .ARM.Collect$$libinit$$00000002  c_w.l(libinit2.o)
    0x0800016c   0x0800016c   0x00000000   Code   RO         6940    .ARM.Collect$$libinit$$00000004  c_w.l(libinit2.o)
    0x0800016c   0x0800016c   0x00000000   Code   RO         6943    .ARM.Collect$$libinit$$0000000A  c_w.l(libinit2.o)
    0x0800016c   0x0800016c   0x00000000   Code   RO         6945    .ARM.Collect$$libinit$$0000000C  c_w.l(libinit2.o)
    0x0800016c   0x0800016c   0x00000000   Code   RO         6947    .ARM.Collect$$libinit$$0000000E  c_w.l(libinit2.o)
    0x0800016c   0x0800016c   0x00000000   Code   RO         6950    .ARM.Collect$$libinit$$00000011  c_w.l(libinit2.o)
    0x0800016c   0x0800016c   0x00000000   Code   RO         6952    .ARM.Collect$$libinit$$00000013  c_w.l(libinit2.o)
    0x0800016c   0x0800016c   0x00000000   Code   RO         6954    .ARM.Collect$$libinit$$00000015  c_w.l(libinit2.o)
    0x0800016c   0x0800016c   0x00000000   Code   RO         6956    .ARM.Collect$$libinit$$00000017  c_w.l(libinit2.o)
    0x0800016c   0x0800016c   0x00000000   Code   RO         6958    .ARM.Collect$$libinit$$00000019  c_w.l(libinit2.o)
    0x0800016c   0x0800016c   0x00000000   Code   RO         6960    .ARM.Collect$$libinit$$0000001B  c_w.l(libinit2.o)
    0x0800016c   0x0800016c   0x00000000   Code   RO         6962    .ARM.Collect$$libinit$$0000001D  c_w.l(libinit2.o)
    0x0800016c   0x0800016c   0x00000000   Code   RO         6964    .ARM.Collect$$libinit$$0000001F  c_w.l(libinit2.o)
    0x0800016c   0x0800016c   0x00000000   Code   RO         6966    .ARM.Collect$$libinit$$00000021  c_w.l(libinit2.o)
    0x0800016c   0x0800016c   0x00000000   Code   RO         6968    .ARM.Collect$$libinit$$00000023  c_w.l(libinit2.o)
    0x0800016c   0x0800016c   0x00000000   Code   RO         6970    .ARM.Collect$$libinit$$00000025  c_w.l(libinit2.o)
    0x0800016c   0x0800016c   0x00000000   Code   RO         6974    .ARM.Collect$$libinit$$0000002C  c_w.l(libinit2.o)
    0x0800016c   0x0800016c   0x00000000   Code   RO         6976    .ARM.Collect$$libinit$$0000002E  c_w.l(libinit2.o)
    0x0800016c   0x0800016c   0x00000000   Code   RO         6978    .ARM.Collect$$libinit$$00000030  c_w.l(libinit2.o)
    0x0800016c   0x0800016c   0x00000000   Code   RO         6980    .ARM.Collect$$libinit$$00000032  c_w.l(libinit2.o)
    0x0800016c   0x0800016c   0x00000002   Code   RO         6981    .ARM.Collect$$libinit$$00000033  c_w.l(libinit2.o)
    0x0800016e   0x0800016e   0x00000002   Code   RO         7001    .ARM.Collect$$libshutdown$$00000000  c_w.l(libshutdown.o)
    0x08000170   0x08000170   0x00000000   Code   RO         7014    .ARM.Collect$$libshutdown$$00000002  c_w.l(libshutdown2.o)
    0x08000170   0x08000170   0x00000000   Code   RO         7016    .ARM.Collect$$libshutdown$$00000004  c_w.l(libshutdown2.o)
    0x08000170   0x08000170   0x00000000   Code   RO         7018    .ARM.Collect$$libshutdown$$00000006  c_w.l(libshutdown2.o)
    0x08000170   0x08000170   0x00000000   Code   RO         7021    .ARM.Collect$$libshutdown$$00000009  c_w.l(libshutdown2.o)
    0x08000170   0x08000170   0x00000000   Code   RO         7024    .ARM.Collect$$libshutdown$$0000000C  c_w.l(libshutdown2.o)
    0x08000170   0x08000170   0x00000000   Code   RO         7026    .ARM.Collect$$libshutdown$$0000000E  c_w.l(libshutdown2.o)
    0x08000170   0x08000170   0x00000000   Code   RO         7029    .ARM.Collect$$libshutdown$$00000011  c_w.l(libshutdown2.o)
    0x08000170   0x08000170   0x00000002   Code   RO         7030    .ARM.Collect$$libshutdown$$00000012  c_w.l(libshutdown2.o)
    0x08000172   0x08000172   0x00000000   Code   RO         6897    .ARM.Collect$$rtentry$$00000000  c_w.l(__rtentry.o)
    0x08000172   0x08000172   0x00000000   Code   RO         6906    .ARM.Collect$$rtentry$$00000002  c_w.l(__rtentry2.o)
    0x08000172   0x08000172   0x00000006   Code   RO         6918    .ARM.Collect$$rtentry$$00000004  c_w.l(__rtentry4.o)
    0x08000178   0x08000178   0x00000000   Code   RO         6908    .ARM.Collect$$rtentry$$00000009  c_w.l(__rtentry2.o)
    0x08000178   0x08000178   0x00000004   Code   RO         6909    .ARM.Collect$$rtentry$$0000000A  c_w.l(__rtentry2.o)
    0x0800017c   0x0800017c   0x00000000   Code   RO         6911    .ARM.Collect$$rtentry$$0000000C  c_w.l(__rtentry2.o)
    0x0800017c   0x0800017c   0x00000008   Code   RO         6912    .ARM.Collect$$rtentry$$0000000D  c_w.l(__rtentry2.o)
    0x08000184   0x08000184   0x00000002   Code   RO         6935    .ARM.Collect$$rtexit$$00000000  c_w.l(rtexit.o)
    0x08000186   0x08000186   0x00000000   Code   RO         6983    .ARM.Collect$$rtexit$$00000002  c_w.l(rtexit2.o)
    0x08000186   0x08000186   0x00000004   Code   RO         6984    .ARM.Collect$$rtexit$$00000003  c_w.l(rtexit2.o)
    0x0800018a   0x0800018a   0x00000006   Code   RO         6985    .ARM.Collect$$rtexit$$00000004  c_w.l(rtexit2.o)
    0x08000190   0x08000190   0x00000040   Code   RO            4    .text               startup_stm32f103xb.o
    0x080001d0   0x080001d0   0x00000028   Code   RO         6861    .text               c_w.l(noretval__2sprintf.o)
    0x080001f8   0x080001f8   0x00000068   Code   RO         6863    .text               c_w.l(__printf.o)
    0x08000260   0x08000260   0x00000078   Code   RO         6865    .text               c_w.l(_printf_dec.o)
    0x080002d8   0x080002d8   0x00000044   Code   RO         6889    .text               c_w.l(rt_memclr.o)
    0x0800031c   0x0800031c   0x0000004e   Code   RO         6891    .text               c_w.l(rt_memclr_w.o)
    0x0800036a   0x0800036a   0x00000006   Code   RO         6893    .text               c_w.l(heapauxi.o)
    0x08000370   0x08000370   0x000000b2   Code   RO         6898    .text               c_w.l(_printf_intcommon.o)
    0x08000422   0x08000422   0x00000002   PAD
    0x08000424   0x08000424   0x00000030   Code   RO         6900    .text               c_w.l(_printf_char_common.o)
    0x08000454   0x08000454   0x0000000a   Code   RO         6902    .text               c_w.l(_sputc.o)
    0x0800045e   0x0800045e   0x0000004a   Code   RO         6922    .text               c_w.l(sys_stackheap_outer.o)
    0x080004a8   0x080004a8   0x00000012   Code   RO         6924    .text               c_w.l(exit.o)
    0x080004ba   0x080004ba   0x00000002   PAD
    0x080004bc   0x080004bc   0x00000008   Code   RO         6932    .text               c_w.l(libspace.o)
    0x080004c4   0x080004c4   0x0000000c   Code   RO         6993    .text               c_w.l(sys_exit.o)
    0x080004d0   0x080004d0   0x00000002   Code   RO         7004    .text               c_w.l(use_no_semi.o)
    0x080004d2   0x080004d2   0x00000000   Code   RO         7006    .text               c_w.l(indicate_semi.o)
    0x080004d2   0x080004d2   0x00000002   PAD
    0x080004d4   0x080004d4   0x00000056   Code   RO         5168    i.ADC_ConversionStop_Disable  stm32f1xx_hal_adc.o
    0x0800052a   0x0800052a   0x00000002   Code   RO          327    i.BusFault_Handler  stm32f1xx_it.o
    0x0800052c   0x0800052c   0x00000058   Code   RO          445    i.DHT11_Check       dht11.o
    0x08000584   0x08000584   0x00000038   Code   RO          446    i.DHT11_IO_IN       dht11.o
    0x080005bc   0x080005bc   0x00000050   Code   RO          447    i.DHT11_IO_OUT      dht11.o
    0x0800060c   0x0800060c   0x00000058   Code   RO          448    i.DHT11_Init        dht11.o
    0x08000664   0x08000664   0x00000058   Code   RO          449    i.DHT11_Read_Bit    dht11.o
    0x080006bc   0x080006bc   0x0000001a   Code   RO          450    i.DHT11_Read_Byte   dht11.o
    0x080006d6   0x080006d6   0x0000005c   Code   RO          451    i.DHT11_Read_Data   dht11.o
    0x08000732   0x08000732   0x00000002   PAD
    0x08000734   0x08000734   0x00000030   Code   RO          452    i.DHT11_Rst         dht11.o
    0x08000764   0x08000764   0x0000000c   Code   RO          328    i.DMA1_Channel1_IRQHandler  stm32f1xx_it.o
    0x08000770   0x08000770   0x00000002   Code   RO          329    i.DebugMon_Handler  stm32f1xx_it.o
    0x08000772   0x08000772   0x00000004   Code   RO           13    i.Error_Handler     main.o
    0x08000776   0x08000776   0x00000002   PAD
    0x08000778   0x08000778   0x000000fc   Code   RO         5174    i.HAL_ADC_ConfigChannel  stm32f1xx_hal_adc.o
    0x08000874   0x08000874   0x0000011c   Code   RO         5183    i.HAL_ADC_Init      stm32f1xx_hal_adc.o
    0x08000990   0x08000990   0x0000008c   Code   RO          214    i.HAL_ADC_MspInit   adc.o
    0x08000a1c   0x08000a1c   0x00000046   Code   RO         5825    i.HAL_DMA_Abort     stm32f1xx_hal_dma.o
    0x08000a62   0x08000a62   0x00000002   PAD
    0x08000a64   0x08000a64   0x00000098   Code   RO         5826    i.HAL_DMA_Abort_IT  stm32f1xx_hal_dma.o
    0x08000afc   0x08000afc   0x00000154   Code   RO         5830    i.HAL_DMA_IRQHandler  stm32f1xx_hal_dma.o
    0x08000c50   0x08000c50   0x0000005c   Code   RO         5831    i.HAL_DMA_Init      stm32f1xx_hal_dma.o
    0x08000cac   0x08000cac   0x00000024   Code   RO         5451    i.HAL_Delay         stm32f1xx_hal.o
    0x08000cd0   0x08000cd0   0x000001e0   Code   RO         5761    i.HAL_GPIO_Init     stm32f1xx_hal_gpio.o
    0x08000eb0   0x08000eb0   0x0000000a   Code   RO         5763    i.HAL_GPIO_ReadPin  stm32f1xx_hal_gpio.o
    0x08000eba   0x08000eba   0x0000000a   Code   RO         5765    i.HAL_GPIO_WritePin  stm32f1xx_hal_gpio.o
    0x08000ec4   0x08000ec4   0x0000000c   Code   RO         5455    i.HAL_GetTick       stm32f1xx_hal.o
    0x08000ed0   0x08000ed0   0x00000010   Code   RO         5461    i.HAL_IncTick       stm32f1xx_hal.o
    0x08000ee0   0x08000ee0   0x00000024   Code   RO         5462    i.HAL_Init          stm32f1xx_hal.o
    0x08000f04   0x08000f04   0x00000040   Code   RO         5463    i.HAL_InitTick      stm32f1xx_hal.o
    0x08000f44   0x08000f44   0x0000003c   Code   RO          421    i.HAL_MspInit       stm32f1xx_hal_msp.o
    0x08000f80   0x08000f80   0x0000001a   Code   RO         5921    i.HAL_NVIC_EnableIRQ  stm32f1xx_hal_cortex.o
    0x08000f9a   0x08000f9a   0x00000002   PAD
    0x08000f9c   0x08000f9c   0x00000040   Code   RO         5927    i.HAL_NVIC_SetPriority  stm32f1xx_hal_cortex.o
    0x08000fdc   0x08000fdc   0x00000024   Code   RO         5928    i.HAL_NVIC_SetPriorityGrouping  stm32f1xx_hal_cortex.o
    0x08001000   0x08001000   0x000000ec   Code   RO         5723    i.HAL_RCCEx_PeriphCLKConfig  stm32f1xx_hal_rcc_ex.o
    0x080010ec   0x080010ec   0x0000012c   Code   RO         5619    i.HAL_RCC_ClockConfig  stm32f1xx_hal_rcc.o
    0x08001218   0x08001218   0x00000020   Code   RO         5626    i.HAL_RCC_GetPCLK1Freq  stm32f1xx_hal_rcc.o
    0x08001238   0x08001238   0x00000020   Code   RO         5627    i.HAL_RCC_GetPCLK2Freq  stm32f1xx_hal_rcc.o
    0x08001258   0x08001258   0x0000004c   Code   RO         5628    i.HAL_RCC_GetSysClockFreq  stm32f1xx_hal_rcc.o
    0x080012a4   0x080012a4   0x00000320   Code   RO         5631    i.HAL_RCC_OscConfig  stm32f1xx_hal_rcc.o
    0x080015c4   0x080015c4   0x00000028   Code   RO         5932    i.HAL_SYSTICK_Config  stm32f1xx_hal_cortex.o
    0x080015ec   0x080015ec   0x00000002   Code   RO         6469    i.HAL_UARTEx_RxEventCallback  stm32f1xx_hal_uart.o
    0x080015ee   0x080015ee   0x00000002   Code   RO         6483    i.HAL_UART_ErrorCallback  stm32f1xx_hal_uart.o
    0x080015f0   0x080015f0   0x0000026c   Code   RO         6486    i.HAL_UART_IRQHandler  stm32f1xx_hal_uart.o
    0x0800185c   0x0800185c   0x00000064   Code   RO         6487    i.HAL_UART_Init     stm32f1xx_hal_uart.o
    0x080018c0   0x080018c0   0x000000d8   Code   RO          280    i.HAL_UART_MspInit  usart.o
    0x08001998   0x08001998   0x00000002   Code   RO         6493    i.HAL_UART_RxCpltCallback  stm32f1xx_hal_uart.o
    0x0800199a   0x0800199a   0x0000009a   Code   RO         6495    i.HAL_UART_Transmit  stm32f1xx_hal_uart.o
    0x08001a34   0x08001a34   0x00000002   Code   RO         6498    i.HAL_UART_TxCpltCallback  stm32f1xx_hal_uart.o
    0x08001a36   0x08001a36   0x00000002   Code   RO          330    i.HardFault_Handler  stm32f1xx_it.o
    0x08001a38   0x08001a38   0x00000064   Code   RO          215    i.MX_ADC1_Init      adc.o
    0x08001a9c   0x08001a9c   0x0000002c   Code   RO          255    i.MX_DMA_Init       dma.o
    0x08001ac8   0x08001ac8   0x000000bc   Code   RO          185    i.MX_GPIO_Init      gpio.o
    0x08001b84   0x08001b84   0x00000038   Code   RO          281    i.MX_USART1_UART_Init  usart.o
    0x08001bbc   0x08001bbc   0x00000038   Code   RO          282    i.MX_USART2_UART_Init  usart.o
    0x08001bf4   0x08001bf4   0x00000002   Code   RO          331    i.MemManage_Handler  stm32f1xx_it.o
    0x08001bf6   0x08001bf6   0x00000002   Code   RO          332    i.NMI_Handler       stm32f1xx_it.o
    0x08001bf8   0x08001bf8   0x00000002   Code   RO          333    i.PendSV_Handler    stm32f1xx_it.o
    0x08001bfa   0x08001bfa   0x00000002   Code   RO          334    i.SVC_Handler       stm32f1xx_it.o
    0x08001bfc   0x08001bfc   0x00000004   Code   RO          335    i.SysTick_Handler   stm32f1xx_it.o
    0x08001c00   0x08001c00   0x00000078   Code   RO           14    i.SystemClock_Config  main.o
    0x08001c78   0x08001c78   0x00000002   Code   RO         6821    i.SystemInit        system_stm32f1xx.o
    0x08001c7a   0x08001c7a   0x00000010   Code   RO         6500    i.UART_DMAAbortOnError  stm32f1xx_hal_uart.o
    0x08001c8a   0x08001c8a   0x0000004e   Code   RO         6510    i.UART_EndRxTransfer  stm32f1xx_hal_uart.o
    0x08001cd8   0x08001cd8   0x000000c2   Code   RO         6512    i.UART_Receive_IT   stm32f1xx_hal_uart.o
    0x08001d9a   0x08001d9a   0x00000002   PAD
    0x08001d9c   0x08001d9c   0x000000b8   Code   RO         6513    i.UART_SetConfig    stm32f1xx_hal_uart.o
    0x08001e54   0x08001e54   0x00000078   Code   RO         6516    i.UART_WaitOnFlagUntilTimeout  stm32f1xx_hal_uart.o
    0x08001ecc   0x08001ecc   0x0000000c   Code   RO          336    i.USART1_IRQHandler  stm32f1xx_it.o
    0x08001ed8   0x08001ed8   0x0000000c   Code   RO          337    i.USART2_IRQHandler  stm32f1xx_it.o
    0x08001ee4   0x08001ee4   0x00000002   Code   RO          338    i.UsageFault_Handler  stm32f1xx_it.o
    0x08001ee6   0x08001ee6   0x00000020   Code   RO         5934    i.__NVIC_SetPriority  stm32f1xx_hal_cortex.o
    0x08001f06   0x08001f06   0x0000001a   Code   RO          453    i.delay_ms          dht11.o
    0x08001f20   0x08001f20   0x00000050   Code   RO          454    i.delay_us          dht11.o
    0x08001f70   0x08001f70   0x00000008   Code   RO         4331    i.i2c_clear_scl     u8x8_byte.o
    0x08001f78   0x08001f78   0x00000008   Code   RO         4332    i.i2c_clear_sda     u8x8_byte.o
    0x08001f80   0x08001f80   0x0000000a   Code   RO         4333    i.i2c_delay         u8x8_byte.o
    0x08001f8a   0x08001f8a   0x00000016   Code   RO         4334    i.i2c_read_scl_and_delay  u8x8_byte.o
    0x08001fa0   0x08001fa0   0x00000008   Code   RO         4335    i.i2c_read_sda      u8x8_byte.o
    0x08001fa8   0x08001fa8   0x00000026   Code   RO         4336    i.i2c_write_bit     u8x8_byte.o
    0x08001fce   0x08001fce   0x0000007c   Code   RO         4337    i.i2c_write_byte    u8x8_byte.o
    0x0800204a   0x0800204a   0x00000002   PAD
    0x0800204c   0x0800204c   0x00000074   Code   RO           15    i.main              main.o
    0x080020c0   0x080020c0   0x00000034   Code   RO         1117    i.u8g2Init          my_u8g2_config.o
    0x080020f4   0x080020f4   0x00000012   Code   RO         1243    i.u8g2_ClearBuffer  u8g2_buffer.o
    0x08002106   0x08002106   0x00000070   Code   RO         1446    i.u8g2_DrawGlyph    u8g2_font.o
    0x08002176   0x08002176   0x00000002   PAD
    0x08002178   0x08002178   0x000000ac   Code   RO         3673    i.u8g2_DrawHVLine   u8g2_hvline.o
    0x08002224   0x08002224   0x00000010   Code   RO         1448    i.u8g2_DrawStr      u8g2_font.o
    0x08002234   0x08002234   0x0000001c   Code   RO         1244    i.u8g2_FirstPage    u8g2_buffer.o
    0x08002250   0x08002250   0x00000030   Code   RO         3734    i.u8g2_IsIntersection  u8g2_intersection.o
    0x08002280   0x08002280   0x0000003e   Code   RO         1245    i.u8g2_NextPage     u8g2_buffer.o
    0x080022be   0x080022be   0x0000001c   Code   RO         1247    i.u8g2_SetBufferCurrTileRow  u8g2_buffer.o
    0x080022da   0x080022da   0x00000020   Code   RO         1464    i.u8g2_SetFont      u8g2_font.o
    0x080022fa   0x080022fa   0x00000002   PAD
    0x080022fc   0x080022fc   0x0000000c   Code   RO         1467    i.u8g2_SetFontPosBaseline  u8g2_font.o
    0x08002308   0x08002308   0x0000001c   Code   RO         3922    i.u8g2_SetMaxClipWindow  u8g2_setup.o
    0x08002324   0x08002324   0x00000046   Code   RO         3923    i.u8g2_SetupBuffer  u8g2_setup.o
    0x0800236a   0x0800236a   0x00000002   PAD
    0x0800236c   0x0800236c   0x00000038   Code   RO         1432    i.u8g2_Setup_ssd1306_i2c_128x64_noname_f  u8g2_d_setup.o
    0x080023a4   0x080023a4   0x00000052   Code   RO         1474    i.u8g2_UpdateRefHeight  u8g2_font.o
    0x080023f6   0x080023f6   0x0000001c   Code   RO         1475    i.u8g2_add_vector_x  u8g2_font.o
    0x08002412   0x08002412   0x0000001c   Code   RO         1476    i.u8g2_add_vector_y  u8g2_font.o
    0x0800242e   0x0800242e   0x0000006e   Code   RO         3925    i.u8g2_apply_clip_window  u8g2_setup.o
    0x0800249c   0x0800249c   0x0000003c   Code   RO         3677    i.u8g2_clip_intersection2  u8g2_hvline.o
    0x080024d8   0x080024d8   0x00000012   Code   RO         3678    i.u8g2_draw_hv_line_2dir  u8g2_hvline.o
    0x080024ea   0x080024ea   0x0000000c   Code   RO         3927    i.u8g2_draw_l90_r0  u8g2_setup.o
    0x080024f6   0x080024f6   0x00000076   Code   RO         1477    i.u8g2_draw_string  u8g2_font.o
    0x0800256c   0x0800256c   0x00000004   Code   RO         1483    i.u8g2_font_calc_vref_font  u8g2_font.o
    0x08002570   0x08002570   0x00000014   Code   RO         1485    i.u8g2_font_decode_get_signed_bits  u8g2_font.o
    0x08002584   0x08002584   0x00000034   Code   RO         1486    i.u8g2_font_decode_get_unsigned_bits  u8g2_font.o
    0x080025b8   0x080025b8   0x00000114   Code   RO         1487    i.u8g2_font_decode_glyph  u8g2_font.o
    0x080026cc   0x080026cc   0x0000008c   Code   RO         1488    i.u8g2_font_decode_len  u8g2_font.o
    0x08002758   0x08002758   0x00000072   Code   RO         1489    i.u8g2_font_get_glyph_data  u8g2_font.o
    0x080027ca   0x080027ca   0x00000014   Code   RO         1490    i.u8g2_font_get_word  u8g2_font.o
    0x080027de   0x080027de   0x00000034   Code   RO         1491    i.u8g2_font_setup_decode  u8g2_font.o
    0x08002812   0x08002812   0x00000018   Code   RO         3735    i.u8g2_is_intersection_decision_tree  u8g2_intersection.o
    0x0800282a   0x0800282a   0x00000002   PAD
    0x0800282c   0x0800282c   0x00000090   Code   RO         3783    i.u8g2_ll_hvline_vertical_top_lsb  u8g2_ll_hvline.o
    0x080028bc   0x080028bc   0x0000000c   Code   RO         1419    i.u8g2_m_16_8_f     u8g2_d_memory.o
    0x080028c8   0x080028c8   0x0000006a   Code   RO         1492    i.u8g2_read_font_info  u8g2_font.o
    0x08002932   0x08002932   0x0000004e   Code   RO         1254    i.u8g2_send_buffer  u8g2_buffer.o
    0x08002980   0x08002980   0x0000004c   Code   RO         1118    i.u8g2_test_1       my_u8g2_config.o
    0x080029cc   0x080029cc   0x00000046   Code   RO         3932    i.u8g2_update_dimension_common  u8g2_setup.o
    0x08002a12   0x08002a12   0x00000004   Code   RO         3933    i.u8g2_update_dimension_r0  u8g2_setup.o
    0x08002a16   0x08002a16   0x00000022   Code   RO         3937    i.u8g2_update_page_win_r0  u8g2_setup.o
    0x08002a38   0x08002a38   0x0000001e   Code   RO         4710    i.u8x8_DrawTile     u8x8_display.o
    0x08002a56   0x08002a56   0x00000010   Code   RO         4712    i.u8x8_InitDisplay  u8x8_display.o
    0x08002a66   0x08002a66   0x00000010   Code   RO         4714    i.u8x8_RefreshDisplay  u8x8_display.o
    0x08002a76   0x08002a76   0x00000010   Code   RO         4717    i.u8x8_SetPowerSave  u8x8_display.o
    0x08002a86   0x08002a86   0x00000022   Code   RO         5016    i.u8x8_Setup        u8x8_setup.o
    0x08002aa8   0x08002aa8   0x00000024   Code   RO         5017    i.u8x8_SetupDefaults  u8x8_setup.o
    0x08002acc   0x08002acc   0x00000010   Code   RO         4718    i.u8x8_SetupMemory  u8x8_display.o
    0x08002adc   0x08002adc   0x0000000e   Code   RO         4217    i.u8x8_ascii_next   u8x8_8x8.o
    0x08002aea   0x08002aea   0x00000010   Code   RO         4342    i.u8x8_byte_EndTransfer  u8x8_byte.o
    0x08002afa   0x08002afa   0x0000000e   Code   RO         4343    i.u8x8_byte_SendByte  u8x8_byte.o
    0x08002b08   0x08002b08   0x00000010   Code   RO         4346    i.u8x8_byte_StartTransfer  u8x8_byte.o
    0x08002b18   0x08002b18   0x000000bc   Code   RO         4351    i.u8x8_byte_sw_i2c  u8x8_byte.o
    0x08002bd4   0x08002bd4   0x00000010   Code   RO         4462    i.u8x8_cad_EndTransfer  u8x8_cad.o
    0x08002be4   0x08002be4   0x00000010   Code   RO         4463    i.u8x8_cad_SendArg  u8x8_cad.o
    0x08002bf4   0x08002bf4   0x00000010   Code   RO         4464    i.u8x8_cad_SendCmd  u8x8_cad.o
    0x08002c04   0x08002c04   0x00000010   Code   RO         4465    i.u8x8_cad_SendData  u8x8_cad.o
    0x08002c14   0x08002c14   0x00000068   Code   RO         4467    i.u8x8_cad_SendSequence  u8x8_cad.o
    0x08002c7c   0x08002c7c   0x00000010   Code   RO         4468    i.u8x8_cad_StartTransfer  u8x8_cad.o
    0x08002c8c   0x08002c8c   0x000000bc   Code   RO         4471    i.u8x8_cad_ssd13xx_fast_i2c  u8x8_cad.o
    0x08002d48   0x08002d48   0x00000060   Code   RO         4719    i.u8x8_d_helper_display_init  u8x8_display.o
    0x08002da8   0x08002da8   0x0000000a   Code   RO         4720    i.u8x8_d_helper_display_setup_memory  u8x8_display.o
    0x08002db2   0x08002db2   0x00000002   PAD
    0x08002db4   0x08002db4   0x0000003c   Code   RO         4644    i.u8x8_d_ssd1306_128x64_noname  u8x8_d_ssd1306_128x64_noname.o
    0x08002df0   0x08002df0   0x000000c8   Code   RO         4646    i.u8x8_d_ssd1306_sh1106_generic  u8x8_d_ssd1306_128x64_noname.o
    0x08002eb8   0x08002eb8   0x00000004   Code   RO         5019    i.u8x8_dummy_cb     u8x8_setup.o
    0x08002ebc   0x08002ebc   0x00000090   Code   RO         1120    i.u8x8_gpio_and_delay  my_u8g2_config.o
    0x08002f4c   0x08002f4c   0x0000000c   Code   RO         4938    i.u8x8_gpio_call    u8x8_gpio.o
    0x08002f58   0x08002f58   0x0000002c   Code   RO         4479    i.u8x8_i2c_data_transfer  u8x8_cad.o
    0x08002f84   0x08002f84   0x00000008   Code   RO         4225    i.u8x8_utf8_init    u8x8_8x8.o
    0x08002f8c   0x08002f8c   0x000003d3   Data   RO         1801    .constdata          u8g2_fonts.o
    0x0800335f   0x0800335f   0x00000001   PAD
    0x08003360   0x08003360   0x0000000c   Data   RO         3941    .constdata          u8g2_setup.o
    0x0800336c   0x0800336c   0x00000158   Data   RO         4648    .constdata          u8x8_d_ssd1306_128x64_noname.o
    0x080034c4   0x080034c4   0x00000012   Data   RO         5632    .constdata          stm32f1xx_hal_rcc.o
    0x080034d6   0x080034d6   0x00000010   Data   RO         6822    .constdata          system_stm32f1xx.o
    0x080034e6   0x080034e6   0x00000008   Data   RO         6823    .constdata          system_stm32f1xx.o
    0x080034ee   0x080034ee   0x00000002   PAD
    0x080034f0   0x080034f0   0x00000020   Data   RO         7061    Region$$Table       anon$$obj.o


    Execution Region RW_IRAM1 (Exec base: 0x20000000, Load base: 0x08003510, Size: 0x00000bc8, Max: 0x00005000, ABSOLUTE)

    Exec Addr    Load Addr    Size         Type   Attr      Idx    E Section Name        Object

    0x20000000   0x08003510   0x00000004   Data   RW           16    .data               main.o
    0x20000004   0x08003514   0x00000006   Data   RW         4481    .data               u8x8_cad.o
    0x2000000a   0x0800351a   0x00000002   PAD
    0x2000000c   0x0800351c   0x0000000c   Data   RW         5469    .data               stm32f1xx_hal.o
    0x20000018   0x08003528   0x00000004   Data   RW         6824    .data               system_stm32f1xx.o
    0x2000001c        -       0x00000074   Zero   RW          216    .bss                adc.o
    0x20000090        -       0x00000090   Zero   RW          283    .bss                usart.o
    0x20000120        -       0x00000046   Zero   RW         1121    .bss                my_u8g2_config.o
    0x20000166        -       0x00000400   Zero   RW         1420    .bss                u8g2_d_memory.o
    0x20000566   0x0800352c   0x00000002   PAD
    0x20000568        -       0x00000060   Zero   RW         6933    .bss                c_w.l(libspace.o)
    0x200005c8        -       0x00000200   Zero   RW            2    HEAP                startup_stm32f103xb.o
    0x200007c8        -       0x00000400   Zero   RW            1    STACK               startup_stm32f103xb.o


==============================================================================

Image component sizes


      Code (inc. data)   RO Data    RW Data    ZI Data      Debug   Object Name

       240         30          0          0        116       1683   adc.o
       672         48          0          0          0       5875   dht11.o
        44          4          0          0          0        714   dma.o
       188         14          0          0          0        935   gpio.o
       240         18          0          4          0     568099   main.o
       272         54          0          0         70       2538   my_u8g2_config.o
        64         26        236          0       1536        788   startup_stm32f103xb.o
       164         28          0         12          0       5729   stm32f1xx_hal.o
       622         24          0          0          0       3212   stm32f1xx_hal_adc.o
       198         14          0          0          0      28799   stm32f1xx_hal_cortex.o
       654         36          0          0          0       3279   stm32f1xx_hal_dma.o
       500         34          0          0          0       3423   stm32f1xx_hal_gpio.o
        60          8          0          0          0        826   stm32f1xx_hal_msp.o
      1240         84         18          0          0       4980   stm32f1xx_hal_rcc.o
       236         12          0          0          0       1340   stm32f1xx_hal_rcc_ex.o
      1474         10          0          0          0       9732   stm32f1xx_hal_uart.o
        56         18          0          0          0       4925   stm32f1xx_it.o
         2          0         24          4          0       1047   system_stm32f1xx.o
       214          0          0          0          0       3342   u8g2_buffer.o
        12          4          0          0       1024        748   u8g2_d_memory.o
        56         14          0          0          0        957   u8g2_d_setup.o
      1212         10          0          0          0      12896   u8g2_font.o
         0          0        979          0          0     143120   u8g2_fonts.o
       250          0          0          0          0       2259   u8g2_hvline.o
        72          0          0          0          0       1751   u8g2_intersection.o
       144          0          0          0          0       1278   u8g2_ll_hvline.o
       328          0         12          0          0     144368   u8g2_setup.o
        22          0          0          0          0       1685   u8x8_8x8.o
       452          0          0          0          0       6158   u8x8_byte.o
       416         12          0          6          0       8200   u8x8_cad.o
       260         12        344          0          0       2915   u8x8_d_ssd1306_128x64_noname.o
       200          0          0          0          0       3942   u8x8_display.o
        12          0          0          0          0        537   u8x8_gpio.o
        74          4          0          0          0       1598   u8x8_setup.o
       328         34          0          0        144       2259   usart.o

    ----------------------------------------------------------------------
     11000        552       1648         28       2892     985937   Object Totals
         0          0         32          0          0          0   (incl. Generated)
        22          0          3          2          2          0   (incl. Padding)

    ----------------------------------------------------------------------

      Code (inc. data)   RO Data    RW Data    ZI Data      Debug   Library Member Name

         8          0          0          0          0         68   __main.o
       104          0          0          0          0         84   __printf.o
         0          0          0          0          0          0   __rtentry.o
        12          0          0          0          0          0   __rtentry2.o
         6          0          0          0          0          0   __rtentry4.o
        52          8          0          0          0          0   __scatter.o
        26          0          0          0          0          0   __scatter_copy.o
        28          0          0          0          0          0   __scatter_zi.o
        48          6          0          0          0         96   _printf_char_common.o
         6          0          0          0          0          0   _printf_d.o
       120         16          0          0          0         92   _printf_dec.o
       178          0          0          0          0         88   _printf_intcommon.o
         0          0          0          0          0          0   _printf_percent.o
         4          0          0          0          0          0   _printf_percent_end.o
        10          0          0          0          0         68   _sputc.o
        18          0          0          0          0         80   exit.o
         6          0          0          0          0        152   heapauxi.o
         0          0          0          0          0          0   indicate_semi.o
         2          0          0          0          0          0   libinit.o
         2          0          0          0          0          0   libinit2.o
         2          0          0          0          0          0   libshutdown.o
         2          0          0          0          0          0   libshutdown2.o
         8          4          0          0         96         68   libspace.o
        40          6          0          0          0         84   noretval__2sprintf.o
        68          0          0          0          0         68   rt_memclr.o
        78          0          0          0          0         80   rt_memclr_w.o
         2          0          0          0          0          0   rtexit.o
        10          0          0          0          0          0   rtexit2.o
        12          4          0          0          0         68   sys_exit.o
        74          0          0          0          0         80   sys_stackheap_outer.o
         2          0          0          0          0         68   use_no_semi.o

    ----------------------------------------------------------------------
       936         44          0          0         96       1244   Library Totals
         8          0          0          0          0          0   (incl. Padding)

    ----------------------------------------------------------------------

      Code (inc. data)   RO Data    RW Data    ZI Data      Debug   Library Name

       928         44          0          0         96       1244   c_w.l

    ----------------------------------------------------------------------
       936         44          0          0         96       1244   Library Totals

    ----------------------------------------------------------------------

==============================================================================


      Code (inc. data)   RO Data    RW Data    ZI Data      Debug   

     11936        596       1648         28       2988     979325   Grand Totals
     11936        596       1648         28       2988     979325   ELF Image Totals
     11936        596       1648         28          0          0   ROM Totals

==============================================================================

    Total RO  Size (Code + RO Data)                13584 (  13.27kB)
    Total RW  Size (RW Data + ZI Data)              3016 (   2.95kB)
    Total ROM Size (Code + RO Data + RW Data)      13612 (  13.29kB)

==============================================================================

